Archive member included to satisfy reference by file (symbol)

/home/laio/st/stm32cubeide_1.19.0/plugins/com.st.stm32cube.ide.mcu.externaltools.gnu-tools-for-stm32.13.3.rel1.linux64_1.0.0.202410170706/tools/bin/../lib/gcc/arm-none-eabi/13.3.1/../../../../arm-none-eabi/lib/thumb/v6-m/nofp/libc_nano.a(libc_a-exit.o)
                              /home/laio/st/stm32cubeide_1.19.0/plugins/com.st.stm32cube.ide.mcu.externaltools.gnu-tools-for-stm32.13.3.rel1.linux64_1.0.0.202410170706/tools/bin/../lib/gcc/arm-none-eabi/13.3.1/../../../../arm-none-eabi/lib/thumb/v6-m/nofp/crt0.o (exit)
/home/laio/st/stm32cubeide_1.19.0/plugins/com.st.stm32cube.ide.mcu.externaltools.gnu-tools-for-stm32.13.3.rel1.linux64_1.0.0.202410170706/tools/bin/../lib/gcc/arm-none-eabi/13.3.1/../../../../arm-none-eabi/lib/thumb/v6-m/nofp/libc_nano.a(libc_a-findfp.o)
                              /home/laio/st/stm32cubeide_1.19.0/plugins/com.st.stm32cube.ide.mcu.externaltools.gnu-tools-for-stm32.13.3.rel1.linux64_1.0.0.202410170706/tools/bin/../lib/gcc/arm-none-eabi/13.3.1/../../../../arm-none-eabi/lib/thumb/v6-m/nofp/libc_nano.a(libc_a-exit.o) (__stdio_exit_handler)
/home/laio/st/stm32cubeide_1.19.0/plugins/com.st.stm32cube.ide.mcu.externaltools.gnu-tools-for-stm32.13.3.rel1.linux64_1.0.0.202410170706/tools/bin/../lib/gcc/arm-none-eabi/13.3.1/../../../../arm-none-eabi/lib/thumb/v6-m/nofp/libc_nano.a(libc_a-fwalk.o)
                              /home/laio/st/stm32cubeide_1.19.0/plugins/com.st.stm32cube.ide.mcu.externaltools.gnu-tools-for-stm32.13.3.rel1.linux64_1.0.0.202410170706/tools/bin/../lib/gcc/arm-none-eabi/13.3.1/../../../../arm-none-eabi/lib/thumb/v6-m/nofp/libc_nano.a(libc_a-findfp.o) (_fwalk_sglue)
/home/laio/st/stm32cubeide_1.19.0/plugins/com.st.stm32cube.ide.mcu.externaltools.gnu-tools-for-stm32.13.3.rel1.linux64_1.0.0.202410170706/tools/bin/../lib/gcc/arm-none-eabi/13.3.1/../../../../arm-none-eabi/lib/thumb/v6-m/nofp/libc_nano.a(libc_a-stdio.o)
                              /home/laio/st/stm32cubeide_1.19.0/plugins/com.st.stm32cube.ide.mcu.externaltools.gnu-tools-for-stm32.13.3.rel1.linux64_1.0.0.202410170706/tools/bin/../lib/gcc/arm-none-eabi/13.3.1/../../../../arm-none-eabi/lib/thumb/v6-m/nofp/libc_nano.a(libc_a-findfp.o) (__sread)
/home/laio/st/stm32cubeide_1.19.0/plugins/com.st.stm32cube.ide.mcu.externaltools.gnu-tools-for-stm32.13.3.rel1.linux64_1.0.0.202410170706/tools/bin/../lib/gcc/arm-none-eabi/13.3.1/../../../../arm-none-eabi/lib/thumb/v6-m/nofp/libc_nano.a(libc_a-memset.o)
                              /home/laio/st/stm32cubeide_1.19.0/plugins/com.st.stm32cube.ide.mcu.externaltools.gnu-tools-for-stm32.13.3.rel1.linux64_1.0.0.202410170706/tools/bin/../lib/gcc/arm-none-eabi/13.3.1/../../../../arm-none-eabi/lib/thumb/v6-m/nofp/crt0.o (memset)
/home/laio/st/stm32cubeide_1.19.0/plugins/com.st.stm32cube.ide.mcu.externaltools.gnu-tools-for-stm32.13.3.rel1.linux64_1.0.0.202410170706/tools/bin/../lib/gcc/arm-none-eabi/13.3.1/../../../../arm-none-eabi/lib/thumb/v6-m/nofp/libc_nano.a(libc_a-closer.o)
                              /home/laio/st/stm32cubeide_1.19.0/plugins/com.st.stm32cube.ide.mcu.externaltools.gnu-tools-for-stm32.13.3.rel1.linux64_1.0.0.202410170706/tools/bin/../lib/gcc/arm-none-eabi/13.3.1/../../../../arm-none-eabi/lib/thumb/v6-m/nofp/libc_nano.a(libc_a-stdio.o) (_close_r)
/home/laio/st/stm32cubeide_1.19.0/plugins/com.st.stm32cube.ide.mcu.externaltools.gnu-tools-for-stm32.13.3.rel1.linux64_1.0.0.202410170706/tools/bin/../lib/gcc/arm-none-eabi/13.3.1/../../../../arm-none-eabi/lib/thumb/v6-m/nofp/libc_nano.a(libc_a-reent.o)
                              /home/laio/st/stm32cubeide_1.19.0/plugins/com.st.stm32cube.ide.mcu.externaltools.gnu-tools-for-stm32.13.3.rel1.linux64_1.0.0.202410170706/tools/bin/../lib/gcc/arm-none-eabi/13.3.1/../../../../arm-none-eabi/lib/thumb/v6-m/nofp/libc_nano.a(libc_a-closer.o) (errno)
/home/laio/st/stm32cubeide_1.19.0/plugins/com.st.stm32cube.ide.mcu.externaltools.gnu-tools-for-stm32.13.3.rel1.linux64_1.0.0.202410170706/tools/bin/../lib/gcc/arm-none-eabi/13.3.1/../../../../arm-none-eabi/lib/thumb/v6-m/nofp/libc_nano.a(libc_a-impure.o)
                              /home/laio/st/stm32cubeide_1.19.0/plugins/com.st.stm32cube.ide.mcu.externaltools.gnu-tools-for-stm32.13.3.rel1.linux64_1.0.0.202410170706/tools/bin/../lib/gcc/arm-none-eabi/13.3.1/../../../../arm-none-eabi/lib/thumb/v6-m/nofp/libc_nano.a(libc_a-reent.o) (_impure_ptr)
/home/laio/st/stm32cubeide_1.19.0/plugins/com.st.stm32cube.ide.mcu.externaltools.gnu-tools-for-stm32.13.3.rel1.linux64_1.0.0.202410170706/tools/bin/../lib/gcc/arm-none-eabi/13.3.1/../../../../arm-none-eabi/lib/thumb/v6-m/nofp/libc_nano.a(libc_a-lseekr.o)
                              /home/laio/st/stm32cubeide_1.19.0/plugins/com.st.stm32cube.ide.mcu.externaltools.gnu-tools-for-stm32.13.3.rel1.linux64_1.0.0.202410170706/tools/bin/../lib/gcc/arm-none-eabi/13.3.1/../../../../arm-none-eabi/lib/thumb/v6-m/nofp/libc_nano.a(libc_a-stdio.o) (_lseek_r)
[...]
Memory Configuration

Name             Origin             Length             Attributes
RAM              0x20000000         0x00001800         xrw
FLASH            0x08000000         0x00008000         xr
*default*        0x00000000         0xffffffff

Linker script and memory map

LOAD /home/laio/st/stm32cubeide_1.19.0/plugins/com.st.stm32cube.ide.mcu.externaltools.gnu-tools-for-stm32.13.3.rel1.linux64_1.0.0.202410170706/tools/bin/../lib/gcc/arm-none-eabi/13.3.1/thumb/v6-m/nofp/crti.o
LOAD /home/laio/st/stm32cubeide_1.19.0/plugins/com.st.stm32cube.ide.mcu.externaltools.gnu-tools-for-stm32.13.3.rel1.linux64_1.0.0.202410170706/tools/bin/../lib/gcc/arm-none-eabi/13.3.1/thumb/v6-m/nofp/crtbegin.o
LOAD /home/laio/st/stm32cubeide_1.19.0/plugins/com.st.stm32cube.ide.mcu.externaltools.gnu-tools-for-stm32.13.3.rel1.linux64_1.0.0.202410170706/tools/bin/../lib/gcc/arm-none-eabi/13.3.1/../../../../arm-none-eabi/lib/thumb/v6-m/nofp/crt0.o
LOAD ./Core/Src/NRF24L01.o
LOAD ./Core/Src/main.o
LOAD ./Core/Src/stm32f0xx_hal_msp.o
LOAD ./Core/Src/stm32f0xx_it.o
LOAD ./Core/Src/syscalls.o
LOAD ./Core/Src/sysmem.o
LOAD ./Core/Src/system_stm32f0xx.o
LOAD ./Core/Startup/startup_stm32f070f6px.o
LOAD ./Drivers/STM32F0xx_HAL_Driver/Src/stm32f0xx_hal.o
LOAD ./Drivers/STM32F0xx_HAL_Driver/Src/stm32f0xx_hal_adc.o
LOAD ./Drivers/STM32F0xx_HAL_Driver/Src/stm32f0xx_hal_adc_ex.o
LOAD ./Drivers/STM32F0xx_HAL_Driver/Src/stm32f0xx_hal_cortex.o
LOAD ./Drivers/STM32F0xx_HAL_Driver/Src/stm32f0xx_hal_dma.o
LOAD ./Drivers/STM32F0xx_HAL_Driver/Src/stm32f0xx_hal_exti.o
LOAD ./Drivers/STM32F0xx_HAL_Driver/Src/stm32f0xx_hal_flash.o
LOAD ./Drivers/STM32F0xx_HAL_Driver/Src/stm32f0xx_hal_flash_ex.o
LOAD ./Drivers/STM32F0xx_HAL_Driver/Src/stm32f0xx_hal_gpio.o
LOAD ./Drivers/STM32F0xx_HAL_Driver/Src/stm32f0xx_hal_i2c.o
LOAD ./Drivers/STM32F0xx_HAL_Driver/Src/stm32f0xx_hal_i2c_ex.o
LOAD ./Drivers/STM32F0xx_HAL_Driver/Src/stm32f0xx_hal_pwr.o
LOAD ./Drivers/STM32F0xx_HAL_Driver/Src/stm32f0xx_hal_pwr_ex.o
LOAD ./Drivers/STM32F0xx_HAL_Driver/Src/stm32f0xx_hal_rcc.o
LOAD ./Drivers/STM32F0xx_HAL_Driver/Src/stm32f0xx_hal_rcc_ex.o
LOAD ./Drivers/STM32F0xx_HAL_Driver/Src/stm32f0xx_hal_spi.o
LOAD ./Drivers/STM32F0xx_HAL_Driver/Src/stm32f0xx_hal_spi_ex.o
START GROUP
LOAD /home/laio/st/stm32cubeide_1.19.0/plugins/com.st.stm32cube.ide.mcu.externaltools.gnu-tools-for-stm32.13.3.rel1.linux64_1.0.0.202410170706/tools/bin/../lib/gcc/arm-none-eabi/13.3.1/../../../../arm-none-eabi/lib/thumb/v6-m/nofp/libc_nano.a
LOAD /home/laio/st/stm32cubeide_1.19.0/plugins/com.st.stm32cube.ide.mcu.externaltools.gnu-tools-for-stm32.13.3.rel1.linux64_1.0.0.202410170706/tools/bin/../lib/gcc/arm-none-eabi/13.3.1/../../../../arm-none-eabi/lib/thumb/v6-m/nofp/libm.a
END GROUP
START GROUP
LOAD /home/laio/st/stm32cubeide_1.19.0/plugins/com.st.stm32cube.ide.mcu.externaltools.gnu-tools-for-stm32.13.3.rel1.linux64_1.0.0.202410170706/tools/bin/../lib/gcc/arm-none-eabi/13.3.1/thumb/v6-m/nofp/libgcc.a
LOAD /home/laio/st/stm32cubeide_1.19.0/plugins/com.st.stm32cube.ide.mcu.externaltools.gnu-tools-for-stm32.13.3.rel1.linux64_1.0.0.202410170706/tools/bin/../lib/gcc/arm-none-eabi/13.3.1/../../../../arm-none-eabi/lib/thumb/v6-m/nofp/libc_nano.a
END GROUP
START GROUP
LOAD /home/laio/st/stm32cubeide_1.19.0/plugins/com.st.stm32cube.ide.mcu.externaltools.gnu-tools-for-stm32.13.3.rel1.linux64_1.0.0.202410170706/tools/bin/../lib/gcc/arm-none-eabi/13.3.1/thumb/v6-m/nofp/libgcc.a
LOAD /home/laio/st/stm32cubeide_1.19.0/plugins/com.st.stm32cube.ide.mcu.externaltools.gnu-tools-for-stm32.13.3.rel1.linux64_1.0.0.202410170706/tools/bin/../lib/gcc/arm-none-eabi/13.3.1/../../../../arm-none-eabi/lib/thumb/v6-m/nofp/libc_nano.a
LOAD /home/laio/st/stm32cubeide_1.19.0/plugins/com.st.stm32cube.ide.mcu.externaltools.gnu-tools-for-stm32.13.3.rel1.linux64_1.0.0.202410170706/tools/bin/../lib/gcc/arm-none-eabi/13.3.1/../../../../arm-none-eabi/lib/thumb/v6-m/nofp/libnosys.a
END GROUP
START GROUP
LOAD /home/laio/st/stm32cubeide_1.19.0/plugins/com.st.stm32cube.ide.mcu.externaltools.gnu-tools-for-stm32.13.3.rel1.linux64_1.0.0.202410170706/tools/bin/../lib/gcc/arm-none-eabi/13.3.1/thumb/v6-m/nofp/libgcc.a
LOAD /home/laio/st/stm32cubeide_1.19.0/plugins/com.st.stm32cube.ide.mcu.externaltools.gnu-tools-for-stm32.13.3.rel1.linux64_1.0.0.202410170706/tools/bin/../lib/gcc/arm-none-eabi/13.3.1/../../../../arm-none-eabi/lib/thumb/v6-m/nofp/libc_nano.a
LOAD /home/laio/st/stm32cubeide_1.19.0/plugins/com.st.stm32cube.ide.mcu.externaltools.gnu-tools-for-stm32.13.3.rel1.linux64_1.0.0.202410170706/tools/bin/../lib/gcc/arm-none-eabi/13.3.1/../../../../arm-none-eabi/lib/thumb/v6-m/nofp/libnosys.a
END GROUP
LOAD /home/laio/st/stm32cubeide_1.19.0/plugins/com.st.stm32cube.ide.mcu.externaltools.gnu-tools-for-stm32.13.3.rel1.linux64_1.0.0.202410170706/tools/bin/../lib/gcc/arm-none-eabi/13.3.1/thumb/v6-m/nofp/crtend.o
LOAD /home/laio/st/stm32cubeide_1.19.0/plugins/com.st.stm32cube.ide.mcu.externaltools.gnu-tools-for-stm32.13.3.rel1.linux64_1.0.0.202410170706/tools/bin/../lib/gcc/arm-none-eabi/13.3.1/thumb/v6-m/nofp/crtn.o
                0x20001800                        _estack = (ORIGIN (RAM) + LENGTH (RAM))
                0x00000200                        _Min_Heap_Size = 0x200
                0x00000400                        _Min_Stack_Size = 0x400

.isr_vector     0x08000000       0xc0
                0x08000000                        . = ALIGN (0x4)
 *(.isr_vector)
 .isr_vector    0x08000000       0xc0 ./Core/Startup/startup_stm32f070f6px.o
                0x08000000                g_pfnVectors
                0x080000c0                        . = ALIGN (0x4)

.text           0x080000c0     0x2a60
                0x080000c0                        . = ALIGN (0x4)
 *(.text)
 .text          0x080000c0       0x48 /home/laio/st/stm32cubeide_1.19.0/plugins/com.st.stm32cube.ide.mcu.externaltools.gnu-tools-for-stm32.13.3.rel1.linux64_1.0.0.202410170706/tools/bin/../lib/gcc/arm-none-eabi/13.3.1/thumb/v6-m/nofp/crtbegin.o
 .text          0x08000108      0x114 /home/laio/st/stm32cubeide_1.19.0/plugins/com.st.stm32cube.ide.mcu.externaltools.gnu-tools-for-stm32.13.3.rel1.linux64_1.0.0.202410170706/tools/bin/../lib/gcc/arm-none-eabi/13.3.1/thumb/v6-m/nofp/libgcc.a(_udivsi3.o)
                0x08000108                __udivsi3
                0x08000108                __aeabi_uidiv
                0x08000214                __aeabi_uidivmod
 .text          0x0800021c        0x4 /home/laio/st/stm32cubeide_1.19.0/plugins/com.st.stm32cube.ide.mcu.externaltools.gnu-tools-for-stm32.13.3.rel1.linux64_1.0.0.202410170706/tools/bin/../lib/gcc/arm-none-eabi/13.3.1/thumb/v6-m/nofp/libgcc.a(_dvmd_tls.o)
                0x0800021c                __aeabi_ldiv0
                0x0800021c                __aeabi_idiv0
 *(.text*)
 .text.NRF24_SPI_RW
                0x08000220       0x30 ./Core/Src/NRF24L01.o
 .text.NRF24_WriteReg
                0x08000250       0x62 ./Core/Src/NRF24L01.o
 .text.NRF24_ReadReg
                0x080002b2       0x5a ./Core/Src/NRF24L01.o
 .text.NRF24_WriteAddr
                0x0800030c       0x84 ./Core/Src/NRF24L01.o
 .text.NRF24_Init_TX
                0x08000390       0xa8 ./Core/Src/NRF24L01.o
                0x08000390                NRF24_Init_TX
 .text.NRF24_Send
                0x08000438       0xe8 ./Core/Src/NRF24L01.o
                0x08000438                NRF24_Send
 .text.main     0x08000520       0xc4 ./Core/Src/main.o
                0x08000520                main
 .text.SystemClock_Config
                0x080005e4       0x8c ./Core/Src/main.o
                0x080005e4                SystemClock_Config
 .text.MX_ADC_Init
                0x08000670      0x104 ./Core/Src/main.o
 .text.MX_SPI1_Init
                0x08000774       0x7c ./Core/Src/main.o
 .text.MX_DMA_Init
                0x080007f0       0x3c ./Core/Src/main.o
 .text.MX_GPIO_Init
                0x0800082c       0xe8 ./Core/Src/main.o
 .text.Error_Handler
                0x08000914        0xc ./Core/Src/main.o
                0x08000914                Error_Handler
 .text.HAL_MspInit
                0x08000920       0x48 ./Core/Src/stm32f0xx_hal_msp.o
                0x08000920                HAL_MspInit
 .text.HAL_ADC_MspInit
                0x08000968       0xe4 ./Core/Src/stm32f0xx_hal_msp.o
                0x08000968                HAL_ADC_MspInit
 .text.HAL_SPI_MspInit
                0x08000a4c       0x98 ./Core/Src/stm32f0xx_hal_msp.o
                0x08000a4c                HAL_SPI_MspInit
 .text.NMI_Handler
                0x08000ae4        0x8 ./Core/Src/stm32f0xx_it.o
                0x08000ae4                NMI_Handler
 .text.HardFault_Handler
                0x08000aec        0x8 ./Core/Src/stm32f0xx_it.o
                0x08000aec                HardFault_Handler
 .text.SVC_Handler
                0x08000af4        0xa ./Core/Src/stm32f0xx_it.o
                0x08000af4                SVC_Handler
 .text.PendSV_Handler
                0x08000afe        0xa ./Core/Src/stm32f0xx_it.o
                0x08000afe                PendSV_Handler
 .text.SysTick_Handler
                0x08000b08        0xe ./Core/Src/stm32f0xx_it.o
                0x08000b08                SysTick_Handler
 *fill*         0x08000b16        0x2 
 .text.DMA1_Channel1_IRQHandler
                0x08000b18       0x18 ./Core/Src/stm32f0xx_it.o
                0x08000b18                DMA1_Channel1_IRQHandler
 .text.SystemInit
                0x08000b30        0xa ./Core/Src/system_stm32f0xx.o
                0x08000b30                SystemInit
 *fill*         0x08000b3a        0x2 
 .text.Reset_Handler
                0x08000b3c       0x80 ./Core/Startup/startup_stm32f070f6px.o
                0x08000b3c                Reset_Handler
 .text.Default_Handler
                0x08000bbc        0x2 ./Core/Startup/startup_stm32f070f6px.o
                0x08000bbc                TIM1_CC_IRQHandler
                0x08000bbc                I2C1_IRQHandler
                0x08000bbc                SPI1_IRQHandler
                0x08000bbc                EXTI2_3_IRQHandler
                0x08000bbc                ADC1_IRQHandler
                0x08000bbc                TIM17_IRQHandler
                0x08000bbc                RTC_IRQHandler
                0x08000bbc                TIM16_IRQHandler
                0x08000bbc                TIM3_IRQHandler
                0x08000bbc                EXTI4_15_IRQHandler
                0x08000bbc                RCC_IRQHandler
                0x08000bbc                Default_Handler
                0x08000bbc                TIM14_IRQHandler
                0x08000bbc                DMA1_Channel4_5_IRQHandler
                0x08000bbc                EXTI0_1_IRQHandler
                0x08000bbc                USB_IRQHandler
                0x08000bbc                WWDG_IRQHandler
                0x08000bbc                DMA1_Channel2_3_IRQHandler
                0x08000bbc                USART2_IRQHandler
                0x08000bbc                FLASH_IRQHandler
                0x08000bbc                USART1_IRQHandler
                0x08000bbc                TIM1_BRK_UP_TRG_COM_IRQHandler
 *fill*         0x08000bbe        0x2 
 .text.HAL_Init
                0x08000bc0       0x28 ./Drivers/STM32F0xx_HAL_Driver/Src/stm32f0xx_hal.o
                0x08000bc0                HAL_Init
 .text.HAL_InitTick
                0x08000be8       0x68 ./Drivers/STM32F0xx_HAL_Driver/Src/stm32f0xx_hal.o
                0x08000be8                HAL_InitTick
 .text.HAL_IncTick
                0x08000c50       0x24 ./Drivers/STM32F0xx_HAL_Driver/Src/stm32f0xx_hal.o
                0x08000c50                HAL_IncTick
 .text.HAL_GetTick
                0x08000c74       0x14 ./Drivers/STM32F0xx_HAL_Driver/Src/stm32f0xx_hal.o
                0x08000c74                HAL_GetTick
 .text.HAL_Delay
                0x08000c88       0x48 ./Drivers/STM32F0xx_HAL_Driver/Src/stm32f0xx_hal.o
                0x08000c88                HAL_Delay
 .text.HAL_ADC_Init
                0x08000cd0      0x280 ./Drivers/STM32F0xx_HAL_Driver/Src/stm32f0xx_hal_adc.o
                0x08000cd0                HAL_ADC_Init
 .text.HAL_ADC_Start
                0x08000f50       0xa8 ./Drivers/STM32F0xx_HAL_Driver/Src/stm32f0xx_hal_adc.o
                0x08000f50                HAL_ADC_Start
 .text.HAL_ADC_ConfigChannel
                0x08000ff8      0x1ec ./Drivers/STM32F0xx_HAL_Driver/Src/stm32f0xx_hal_adc.o
                0x08000ff8                HAL_ADC_ConfigChannel
 .text.ADC_Enable
                0x080011e4      0x108 ./Drivers/STM32F0xx_HAL_Driver/Src/stm32f0xx_hal_adc.o
 .text.__NVIC_EnableIRQ
                0x080012ec       0x34 ./Drivers/STM32F0xx_HAL_Driver/Src/stm32f0xx_hal_cortex.o
 .text.__NVIC_SetPriority
                0x08001320       0xdc ./Drivers/STM32F0xx_HAL_Driver/Src/stm32f0xx_hal_cortex.o
 .text.SysTick_Config
                0x080013fc       0x48 ./Drivers/STM32F0xx_HAL_Driver/Src/stm32f0xx_hal_cortex.o
 .text.HAL_NVIC_SetPriority
                0x08001444       0x2a ./Drivers/STM32F0xx_HAL_Driver/Src/stm32f0xx_hal_cortex.o
                0x08001444                HAL_NVIC_SetPriority
 .text.HAL_NVIC_EnableIRQ
                0x0800146e       0x20 ./Drivers/STM32F0xx_HAL_Driver/Src/stm32f0xx_hal_cortex.o
                0x0800146e                HAL_NVIC_EnableIRQ
 .text.HAL_SYSTICK_Config
                0x0800148e       0x1a ./Drivers/STM32F0xx_HAL_Driver/Src/stm32f0xx_hal_cortex.o
                0x0800148e                HAL_SYSTICK_Config
 .text.HAL_DMA_Init
                0x080014a8       0x90 ./Drivers/STM32F0xx_HAL_Driver/Src/stm32f0xx_hal_dma.o
                0x080014a8                HAL_DMA_Init
 .text.HAL_DMA_IRQHandler
                0x08001538      0x144 ./Drivers/STM32F0xx_HAL_Driver/Src/stm32f0xx_hal_dma.o
                0x08001538                HAL_DMA_IRQHandler
 .text.DMA_CalcBaseAndBitshift
                0x0800167c       0x38 ./Drivers/STM32F0xx_HAL_Driver/Src/stm32f0xx_hal_dma.o
 .text.HAL_GPIO_Init
                0x080016b4      0x2e0 ./Drivers/STM32F0xx_HAL_Driver/Src/stm32f0xx_hal_gpio.o
                0x080016b4                HAL_GPIO_Init
 .text.HAL_GPIO_ReadPin
                0x08001994       0x3a ./Drivers/STM32F0xx_HAL_Driver/Src/stm32f0xx_hal_gpio.o
                0x08001994                HAL_GPIO_ReadPin
 .text.HAL_GPIO_WritePin
                0x080019ce       0x3a ./Drivers/STM32F0xx_HAL_Driver/Src/stm32f0xx_hal_gpio.o
                0x080019ce                HAL_GPIO_WritePin
 .text.HAL_RCC_OscConfig
                0x08001a08      0x63c ./Drivers/STM32F0xx_HAL_Driver/Src/stm32f0xx_hal_rcc.o
                0x08001a08                HAL_RCC_OscConfig
 .text.HAL_RCC_ClockConfig
                0x08002044      0x19c ./Drivers/STM32F0xx_HAL_Driver/Src/stm32f0xx_hal_rcc.o
                0x08002044                HAL_RCC_ClockConfig
 .text.HAL_RCC_GetSysClockFreq
                0x080021e0       0xb0 ./Drivers/STM32F0xx_HAL_Driver/Src/stm32f0xx_hal_rcc.o
                0x080021e0                HAL_RCC_GetSysClockFreq
 .text.HAL_SPI_Init
                0x08002290      0x170 ./Drivers/STM32F0xx_HAL_Driver/Src/stm32f0xx_hal_spi.o
                0x08002290                HAL_SPI_Init
 .text.HAL_SPI_TransmitReceive
                0x08002400      0x3c4 ./Drivers/STM32F0xx_HAL_Driver/Src/stm32f0xx_hal_spi.o
                0x08002400                HAL_SPI_TransmitReceive
 .text.SPI_WaitFlagStateUntilTimeout
                0x080027c4      0x11c ./Drivers/STM32F0xx_HAL_Driver/Src/stm32f0xx_hal_spi.o
 .text.SPI_WaitFifoStateUntilTimeout
                0x080028e0      0x144 ./Drivers/STM32F0xx_HAL_Driver/Src/stm32f0xx_hal_spi.o
 .text.SPI_EndRxTxTransaction
                0x08002a24       0x8c ./Drivers/STM32F0xx_HAL_Driver/Src/stm32f0xx_hal_spi.o
 .text.memset   0x08002ab0       0x10 /home/laio/st/stm32cubeide_1.19.0/plugins/com.st.stm32cube.ide.mcu.externaltools.gnu-tools-for-stm32.13.3.rel1.linux64_1.0.0.202410170706/tools/bin/../lib/gcc/arm-none-eabi/13.3.1/../../../../arm-none-eabi/lib/thumb/v6-m/nofp/libc_nano.a(libc_a-memset.o)
                0x08002ab0                memset
 .text.__libc_init_array
                0x08002ac0       0x48 /home/laio/st/stm32cubeide_1.19.0/plugins/com.st.stm32cube.ide.mcu.externaltools.gnu-tools-for-stm32.13.3.rel1.linux64_1.0.0.202410170706/tools/bin/../lib/gcc/arm-none-eabi/13.3.1/../../../../arm-none-eabi/lib/thumb/v6-m/nofp/libc_nano.a(libc_a-init.o)
                0x08002ac0                __libc_init_array
 *(.glue_7)
 .glue_7        0x08002b08        0x0 linker stubs
 *(.glue_7t)
 .glue_7t       0x08002b08        0x0 linker stubs
 *(.eh_frame)
 .eh_frame      0x08002b08        0x0 /home/laio/st/stm32cubeide_1.19.0/plugins/com.st.stm32cube.ide.mcu.externaltools.gnu-tools-for-stm32.13.3.rel1.linux64_1.0.0.202410170706/tools/bin/../lib/gcc/arm-none-eabi/13.3.1/thumb/v6-m/nofp/crtbegin.o
 *(.init)
 .init          0x08002b08        0x4 /home/laio/st/stm32cubeide_1.19.0/plugins/com.st.stm32cube.ide.mcu.externaltools.gnu-tools-for-stm32.13.3.rel1.linux64_1.0.0.202410170706/tools/bin/../lib/gcc/arm-none-eabi/13.3.1/thumb/v6-m/nofp/crti.o
                0x08002b08                _init
 .init          0x08002b0c        0x8 /home/laio/st/stm32cubeide_1.19.0/plugins/com.st.stm32cube.ide.mcu.externaltools.gnu-tools-for-stm32.13.3.rel1.linux64_1.0.0.202410170706/tools/bin/../lib/gcc/arm-none-eabi/13.3.1/thumb/v6-m/nofp/crtn.o
 *(.fini)
 .fini          0x08002b14        0x4 /home/laio/st/stm32cubeide_1.19.0/plugins/com.st.stm32cube.ide.mcu.externaltools.gnu-tools-for-stm32.13.3.rel1.linux64_1.0.0.202410170706/tools/bin/../lib/gcc/arm-none-eabi/13.3.1/thumb/v6-m/nofp/crti.o
                0x08002b14                _fini
 .fini          0x08002b18        0x8 /home/laio/st/stm32cubeide_1.19.0/plugins/com.st.stm32cube.ide.mcu.externaltools.gnu-tools-for-stm32.13.3.rel1.linux64_1.0.0.202410170706/tools/bin/../lib/gcc/arm-none-eabi/13.3.1/thumb/v6-m/nofp/crtn.o
                0x08002b20                        . = ALIGN (0x4)
                0x08002b20                        _etext = .

.vfp11_veneer   0x08002b20        0x0
 .vfp11_veneer  0x08002b20        0x0 linker stubs

.v4_bx          0x08002b20        0x0
 .v4_bx         0x08002b20        0x0 linker stubs

.iplt           0x08002b20        0x0
 .iplt          0x08002b20        0x0 /home/laio/st/stm32cubeide_1.19.0/plugins/com.st.stm32cube.ide.mcu.externaltools.gnu-tools-for-stm32.13.3.rel1.linux64_1.0.0.202410170706/tools/bin/../lib/gcc/arm-none-eabi/13.3.1/thumb/v6-m/nofp/crtbegin.o

.rodata         0x08002b20       0x38
                0x08002b20                        . = ALIGN (0x4)
 *(.rodata)
 .rodata        0x08002b20        0x5 ./Core/Src/NRF24L01.o
 *(.rodata*)
 *fill*         0x08002b25        0x3 
 .rodata.AHBPrescTable
                0x08002b28       0x10 ./Core/Src/system_stm32f0xx.o
                0x08002b28                AHBPrescTable
 .rodata.aPLLMULFactorTable.1
                0x08002b38       0x10 ./Drivers/STM32F0xx_HAL_Driver/Src/stm32f0xx_hal_rcc.o
 .rodata.aPredivFactorTable.0
                0x08002b48       0x10 ./Drivers/STM32F0xx_HAL_Driver/Src/stm32f0xx_hal_rcc.o
                0x08002b58                        . = ALIGN (0x4)

.ARM.extab      0x08002b58        0x0
                0x08002b58                        . = ALIGN (0x4)
 *(.ARM.extab* .gnu.linkonce.armextab.*)
                0x08002b58                        . = ALIGN (0x4)

.ARM            0x08002b58        0x0
                0x08002b58                        . = ALIGN (0x4)
                0x08002b58                        __exidx_start = .
 *(.ARM.exidx*)
                0x08002b58                        __exidx_end = .
                0x08002b58                        . = ALIGN (0x4)

.preinit_array  0x08002b58        0x0
                0x08002b58                        . = ALIGN (0x4)
                0x08002b58                        PROVIDE (__preinit_array_start = .)
 *(.preinit_array*)
                0x08002b58                        PROVIDE (__preinit_array_end = .)
                0x08002b58                        . = ALIGN (0x4)

.init_array     0x08002b58        0x4
                0x08002b58                        . = ALIGN (0x4)
                0x08002b58                        PROVIDE (__init_array_start = .)
 *(SORT_BY_NAME(.init_array.*))
 *(.init_array*)
 .init_array    0x08002b58        0x4 /home/laio/st/stm32cubeide_1.19.0/plugins/com.st.stm32cube.ide.mcu.externaltools.gnu-tools-for-stm32.13.3.rel1.linux64_1.0.0.202410170706/tools/bin/../lib/gcc/arm-none-eabi/13.3.1/thumb/v6-m/nofp/crtbegin.o
                0x08002b5c                        PROVIDE (__init_array_end = .)
                0x08002b5c                        . = ALIGN (0x4)

.fini_array     0x08002b5c        0x4
                0x08002b5c                        . = ALIGN (0x4)
                [!provide]                        PROVIDE (__fini_array_start = .)
 *(SORT_BY_NAME(.fini_array.*))
 *(.fini_array*)
 .fini_array    0x08002b5c        0x4 /home/laio/st/stm32cubeide_1.19.0/plugins/com.st.stm32cube.ide.mcu.externaltools.gnu-tools-for-stm32.13.3.rel1.linux64_1.0.0.202410170706/tools/bin/../lib/gcc/arm-none-eabi/13.3.1/thumb/v6-m/nofp/crtbegin.o
                [!provide]                        PROVIDE (__fini_array_end = .)
                0x08002b60                        . = ALIGN (0x4)
                0x08002b60                        _sidata = LOADADDR (.data)

.rel.dyn        0x08002b60        0x0
 .rel.iplt      0x08002b60        0x0 /home/laio/st/stm32cubeide_1.19.0/plugins/com.st.stm32cube.ide.mcu.externaltools.gnu-tools-for-stm32.13.3.rel1.linux64_1.0.0.202410170706/tools/bin/../lib/gcc/arm-none-eabi/13.3.1/thumb/v6-m/nofp/crtbegin.o

.data           0x20000000       0x10 load address 0x08002b60
                0x20000000                        . = ALIGN (0x4)
                0x20000000                        _sdata = .
 *(.data)
 *(.data*)
 .data.miau     0x20000000        0x1 ./Core/Src/main.o
                0x20000000                miau
 .data.ok       0x20000001        0x1 ./Core/Src/main.o
                0x20000001                ok
 *fill*         0x20000002        0x2 
 .data.SystemCoreClock
                0x20000004        0x4 ./Core/Src/system_stm32f0xx.o
                0x20000004                SystemCoreClock
 .data.uwTickPrio
                0x20000008        0x4 ./Drivers/STM32F0xx_HAL_Driver/Src/stm32f0xx_hal.o
                0x20000008                uwTickPrio
 .data.uwTickFreq
                0x2000000c        0x1 ./Drivers/STM32F0xx_HAL_Driver/Src/stm32f0xx_hal.o
                0x2000000c                uwTickFreq
 *(.RamFunc)
 *(.RamFunc*)
                0x20000010                        . = ALIGN (0x4)
 *fill*         0x2000000d        0x3 
                0x20000010                        _edata = .

.igot.plt       0x20000010        0x0 load address 0x08002b70
 .igot.plt      0x20000010        0x0 /home/laio/st/stm32cubeide_1.19.0/plugins/com.st.stm32cube.ide.mcu.externaltools.gnu-tools-for-stm32.13.3.rel1.linux64_1.0.0.202410170706/tools/bin/../lib/gcc/arm-none-eabi/13.3.1/thumb/v6-m/nofp/crtbegin.o
                0x20000010                        . = ALIGN (0x4)

.bss            0x20000010      0x11c load address 0x08002b70
                0x20000010                        _sbss = .
                0x20000010                        __bss_start__ = _sbss
 *(.bss)
 .bss           0x20000010       0x1c /home/laio/st/stm32cubeide_1.19.0/plugins/com.st.stm32cube.ide.mcu.externaltools.gnu-tools-for-stm32.13.3.rel1.linux64_1.0.0.202410170706/tools/bin/../lib/gcc/arm-none-eabi/13.3.1/thumb/v6-m/nofp/crtbegin.o
 *(.bss*)
 .bss.nrf       0x2000002c       0x14 ./Core/Src/main.o
                0x2000002c                nrf
 .bss.hadc      0x20000040       0x40 ./Core/Src/main.o
                0x20000040                hadc
 .bss.hdma_adc  0x20000080       0x44 ./Core/Src/main.o
                0x20000080                hdma_adc
 .bss.hspi1     0x200000c4       0x64 ./Core/Src/main.o
                0x200000c4                hspi1
 .bss.uwTick    0x20000128        0x4 ./Drivers/STM32F0xx_HAL_Driver/Src/stm32f0xx_hal.o
                0x20000128                uwTick
 *(COMMON)
                0x2000012c                        . = ALIGN (0x4)
                0x2000012c                        _ebss = .
                0x2000012c                        __bss_end__ = _ebss

._user_heap_stack
                0x2000012c      0x604 load address 0x08002b70
                0x20000130                        . = ALIGN (0x8)
 *fill*         0x2000012c        0x4 
                [!provide]                        PROVIDE (end = .)
                0x20000130                        PROVIDE (_end = .)
                0x20000330                        . = (. + _Min_Heap_Size)
 *fill*         0x20000130      0x200 
                0x20000730                        . = (. + _Min_Stack_Size)
 *fill*         0x20000330      0x400 
                0x20000730                        . = ALIGN (0x8)

/DISCARD/
 libc.a(*)
 libm.a(*)
 libgcc.a(*)

.ARM.attributes
                0x00000000       0x28
 *(.ARM.attributes)
 .ARM.attributes
                0x00000000       0x1e /home/laio/st/stm32cubeide_1.19.0/plugins/com.st.stm32cube.ide.mcu.externaltools.gnu-tools-for-stm32.13.3.rel1.linux64_1.0.0.202410170706/tools/bin/../lib/gcc/arm-none-eabi/13.3.1/thumb/v6-m/nofp/crti.o
 .ARM.attributes
                0x0000001e       0x2c /home/laio/st/stm32cubeide_1.19.0/plugins/com.st.stm32cube.ide.mcu.externaltools.gnu-tools-for-stm32.13.3.rel1.linux64_1.0.0.202410170706/tools/bin/../lib/gcc/arm-none-eabi/13.3.1/thumb/v6-m/nofp/crtbegin.o
 .ARM.attributes
                0x0000004a       0x2c ./Core/Src/NRF24L01.o
 .ARM.attributes
                0x00000076       0x2c ./Core/Src/main.o
 .ARM.attributes
                0x000000a2       0x2c ./Core/Src/stm32f0xx_hal_msp.o
 .ARM.attributes
                0x000000ce       0x2c ./Core/Src/stm32f0xx_it.o
 .ARM.attributes
                0x000000fa       0x2c ./Core/Src/system_stm32f0xx.o
 .ARM.attributes
                0x00000126       0x21 ./Core/Startup/startup_stm32f070f6px.o
 .ARM.attributes
                0x00000147       0x2c ./Drivers/STM32F0xx_HAL_Driver/Src/stm32f0xx_hal.o
 .ARM.attributes
                0x00000173       0x2c ./Drivers/STM32F0xx_HAL_Driver/Src/stm32f0xx_hal_adc.o
 .ARM.attributes
                0x0000019f       0x2c ./Drivers/STM32F0xx_HAL_Driver/Src/stm32f0xx_hal_cortex.o
 .ARM.attributes
                0x000001cb       0x2c ./Drivers/STM32F0xx_HAL_Driver/Src/stm32f0xx_hal_dma.o
 .ARM.attributes
                0x000001f7       0x2c ./Drivers/STM32F0xx_HAL_Driver/Src/stm32f0xx_hal_gpio.o
 .ARM.attributes
                0x00000223       0x2c ./Drivers/STM32F0xx_HAL_Driver/Src/stm32f0xx_hal_rcc.o
 .ARM.attributes
                0x0000024f       0x2c ./Drivers/STM32F0xx_HAL_Driver/Src/stm32f0xx_hal_spi.o
 .ARM.attributes
                0x0000027b       0x2c /home/laio/st/stm32cubeide_1.19.0/plugins/com.st.stm32cube.ide.mcu.externaltools.gnu-tools-for-stm32.13.3.rel1.linux64_1.0.0.202410170706/tools/bin/../lib/gcc/arm-none-eabi/13.3.1/../../../../arm-none-eabi/lib/thumb/v6-m/nofp/libc_nano.a(libc_a-memset.o)
 .ARM.attributes
                0x000002a7       0x2c /home/laio/st/stm32cubeide_1.19.0/plugins/com.st.stm32cube.ide.mcu.externaltools.gnu-tools-for-stm32.13.3.rel1.linux64_1.0.0.202410170706/tools/bin/../lib/gcc/arm-none-eabi/13.3.1/../../../../arm-none-eabi/lib/thumb/v6-m/nofp/libc_nano.a(libc_a-init.o)
 .ARM.attributes
                0x000002d3       0x1e /home/laio/st/stm32cubeide_1.19.0/plugins/com.st.stm32cube.ide.mcu.externaltools.gnu-tools-for-stm32.13.3.rel1.linux64_1.0.0.202410170706/tools/bin/../lib/gcc/arm-none-eabi/13.3.1/thumb/v6-m/nofp/libgcc.a(_udivsi3.o)
 .ARM.attributes
                0x000002f1       0x1e /home/laio/st/stm32cubeide_1.19.0/plugins/com.st.stm32cube.ide.mcu.externaltools.gnu-tools-for-stm32.13.3.rel1.linux64_1.0.0.202410170706/tools/bin/../lib/gcc/arm-none-eabi/13.3.1/thumb/v6-m/nofp/libgcc.a(_dvmd_tls.o)
 .ARM.attributes
                0x0000030f       0x1e /home/laio/st/stm32cubeide_1.19.0/plugins/com.st.stm32cube.ide.mcu.externaltools.gnu-tools-for-stm32.13.3.rel1.linux64_1.0.0.202410170706/tools/bin/../lib/gcc/arm-none-eabi/13.3.1/thumb/v6-m/nofp/crtn.o
OUTPUT(Controle_Remoto_GreenPill.elf elf32-littlearm)
LOAD linker stubs
LOAD /home/laio/st/stm32cubeide_1.19.0/plugins/com.st.stm32cube.ide.mcu.externaltools.gnu-tools-for-stm32.13.3.rel1.linux64_1.0.0.202410170706/tools/bin/../lib/gcc/arm-none-eabi/13.3.1/../../../../arm-none-eabi/lib/thumb/v6-m/nofp/libc.a
LOAD /home/laio/st/stm32cubeide_1.19.0/plugins/com.st.stm32cube.ide.mcu.externaltools.gnu-tools-for-stm32.13.3.rel1.linux64_1.0.0.202410170706/tools/bin/../lib/gcc/arm-none-eabi/13.3.1/../../../../arm-none-eabi/lib/thumb/v6-m/nofp/libm.a
LOAD /home/laio/st/stm32cubeide_1.19.0/plugins/com.st.stm32cube.ide.mcu.externaltools.gnu-tools-for-stm32.13.3.rel1.linux64_1.0.0.202410170706/tools/bin/../lib/gcc/arm-none-eabi/13.3.1/thumb/v6-m/nofp/libgcc.a

.debug_info     0x00000000     0x6ed0
 .debug_info    0x00000000      0x9fe ./Core/Src/NRF24L01.o
 .debug_info    0x000009fe      0xf5e ./Core/Src/main.o
 .debug_info    0x0000195c      0xb53 ./Core/Src/stm32f0xx_hal_msp.o
 .debug_info    0x000024af      0x334 ./Core/Src/stm32f0xx_it.o
 .debug_info    0x000027e3      0x242 ./Core/Src/system_stm32f0xx.o
 .debug_info    0x00002a25       0x30 ./Core/Startup/startup_stm32f070f6px.o
 .debug_info    0x00002a55      0x65e ./Drivers/STM32F0xx_HAL_Driver/Src/stm32f0xx_hal.o
 .debug_info    0x000030b3      0xc70 ./Drivers/STM32F0xx_HAL_Driver/Src/stm32f0xx_hal_adc.o
 .debug_info    0x00003d23      0x689 ./Drivers/STM32F0xx_HAL_Driver/Src/stm32f0xx_hal_cortex.o
 .debug_info    0x000043ac      0x700 ./Drivers/STM32F0xx_HAL_Driver/Src/stm32f0xx_hal_dma.o
 .debug_info    0x00004aac      0x5c8 ./Drivers/STM32F0xx_HAL_Driver/Src/stm32f0xx_hal_gpio.o
 .debug_info    0x00005074      0x844 ./Drivers/STM32F0xx_HAL_Driver/Src/stm32f0xx_hal_rcc.o
 .debug_info    0x000058b8     0x1618 ./Drivers/STM32F0xx_HAL_Driver/Src/stm32f0xx_hal_spi.o

.debug_abbrev   0x00000000     0x18bf
 .debug_abbrev  0x00000000      0x225 ./Core/Src/NRF24L01.o
 .debug_abbrev  0x00000225      0x2b1 ./Core/Src/main.o
 .debug_abbrev  0x000004d6      0x1e4 ./Core/Src/stm32f0xx_hal_msp.o
 .debug_abbrev  0x000006ba      0x139 ./Core/Src/stm32f0xx_it.o
 .debug_abbrev  0x000007f3      0x11c ./Core/Src/system_stm32f0xx.o
 .debug_abbrev  0x0000090f       0x24 ./Core/Startup/startup_stm32f070f6px.o
 .debug_abbrev  0x00000933      0x24b ./Drivers/STM32F0xx_HAL_Driver/Src/stm32f0xx_hal.o
 .debug_abbrev  0x00000b7e      0x210 ./Drivers/STM32F0xx_HAL_Driver/Src/stm32f0xx_hal_adc.o
 .debug_abbrev  0x00000d8e      0x28c ./Drivers/STM32F0xx_HAL_Driver/Src/stm32f0xx_hal_cortex.o
 .debug_abbrev  0x0000101a      0x1ef ./Drivers/STM32F0xx_HAL_Driver/Src/stm32f0xx_hal_dma.o
 .debug_abbrev  0x00001209      0x1c6 ./Drivers/STM32F0xx_HAL_Driver/Src/stm32f0xx_hal_gpio.o
 .debug_abbrev  0x000013cf      0x28b ./Drivers/STM32F0xx_HAL_Driver/Src/stm32f0xx_hal_rcc.o
 .debug_abbrev  0x0000165a      0x265 ./Drivers/STM32F0xx_HAL_Driver/Src/stm32f0xx_hal_spi.o

.debug_aranges  0x00000000      0x748
 .debug_aranges
                0x00000000       0x60 ./Core/Src/NRF24L01.o
 .debug_aranges
                0x00000060       0x50 ./Core/Src/main.o
 .debug_aranges
                0x000000b0       0x40 ./Core/Src/stm32f0xx_hal_msp.o
 .debug_aranges
                0x000000f0       0x48 ./Core/Src/stm32f0xx_it.o
 .debug_aranges
                0x00000138       0x28 ./Core/Src/system_stm32f0xx.o
 .debug_aranges
                0x00000160       0x28 ./Core/Startup/startup_stm32f070f6px.o
 .debug_aranges
                0x00000188       0xd0 ./Drivers/STM32F0xx_HAL_Driver/Src/stm32f0xx_hal.o
 .debug_aranges
                0x00000258       0xf8 ./Drivers/STM32F0xx_HAL_Driver/Src/stm32f0xx_hal_adc.o
 .debug_aranges
                0x00000350       0xc0 ./Drivers/STM32F0xx_HAL_Driver/Src/stm32f0xx_hal_cortex.o
 .debug_aranges
                0x00000410       0x88 ./Drivers/STM32F0xx_HAL_Driver/Src/stm32f0xx_hal_dma.o
 .debug_aranges
                0x00000498       0x58 ./Drivers/STM32F0xx_HAL_Driver/Src/stm32f0xx_hal_gpio.o
 .debug_aranges
                0x000004f0       0x80 ./Drivers/STM32F0xx_HAL_Driver/Src/stm32f0xx_hal_rcc.o
 .debug_aranges
                0x00000570      0x1d8 ./Drivers/STM32F0xx_HAL_Driver/Src/stm32f0xx_hal_spi.o

.debug_rnglists
                0x00000000      0x583
 .debug_rnglists
                0x00000000       0x49 ./Core/Src/NRF24L01.o
 .debug_rnglists
                0x00000049       0x3b ./Core/Src/main.o
 .debug_rnglists
                0x00000084       0x2d ./Core/Src/stm32f0xx_hal_msp.o
 .debug_rnglists
                0x000000b1       0x31 ./Core/Src/stm32f0xx_it.o
 .debug_rnglists
                0x000000e2       0x1a ./Core/Src/system_stm32f0xx.o
 .debug_rnglists
                0x000000fc       0x1a ./Core/Startup/startup_stm32f070f6px.o
 .debug_rnglists
                0x00000116       0x97 ./Drivers/STM32F0xx_HAL_Driver/Src/stm32f0xx_hal.o
 .debug_rnglists
                0x000001ad       0xc6 ./Drivers/STM32F0xx_HAL_Driver/Src/stm32f0xx_hal_adc.o
 .debug_rnglists
                0x00000273       0x8c ./Drivers/STM32F0xx_HAL_Driver/Src/stm32f0xx_hal_cortex.o
 .debug_rnglists
                0x000002ff       0x6a ./Drivers/STM32F0xx_HAL_Driver/Src/stm32f0xx_hal_dma.o
 .debug_rnglists
                0x00000369       0x3f ./Drivers/STM32F0xx_HAL_Driver/Src/stm32f0xx_hal_gpio.o
 .debug_rnglists
                0x000003a8       0x61 ./Drivers/STM32F0xx_HAL_Driver/Src/stm32f0xx_hal_rcc.o
 .debug_rnglists
                0x00000409      0x17a ./Drivers/STM32F0xx_HAL_Driver/Src/stm32f0xx_hal_spi.o

.debug_macro    0x00000000     0xf4be
 .debug_macro   0x00000000      0x24b ./Core/Src/NRF24L01.o
 .debug_macro   0x0000024b      0xaae ./Core/Src/NRF24L01.o
 .debug_macro   0x00000cf9      0x133 ./Core/Src/NRF24L01.o
 .debug_macro   0x00000e2c       0x2e ./Core/Src/NRF24L01.o
 .debug_macro   0x00000e5a       0x22 ./Core/Src/NRF24L01.o
 .debug_macro   0x00000e7c       0x22 ./Core/Src/NRF24L01.o
 .debug_macro   0x00000e9e       0x8e ./Core/Src/NRF24L01.o
 .debug_macro   0x00000f2c       0x51 ./Core/Src/NRF24L01.o
 .debug_macro   0x00000f7d      0x103 ./Core/Src/NRF24L01.o
 .debug_macro   0x00001080       0x6a ./Core/Src/NRF24L01.o
 .debug_macro   0x000010ea      0x1df ./Core/Src/NRF24L01.o
 .debug_macro   0x000012c9       0x1c ./Core/Src/NRF24L01.o
 .debug_macro   0x000012e5       0x22 ./Core/Src/NRF24L01.o
 .debug_macro   0x00001307       0xaf ./Core/Src/NRF24L01.o
 .debug_macro   0x000013b6      0x391 ./Core/Src/NRF24L01.o
 .debug_macro   0x00001747     0x72a4 ./Core/Src/NRF24L01.o
 .debug_macro   0x000089eb       0x66 ./Core/Src/NRF24L01.o
 .debug_macro   0x00008a51     0x34da ./Core/Src/NRF24L01.o
 .debug_macro   0x0000bf2b      0x190 ./Core/Src/NRF24L01.o
 .debug_macro   0x0000c0bb       0x55 ./Core/Src/NRF24L01.o
 .debug_macro   0x0000c110      0x924 ./Core/Src/NRF24L01.o
 .debug_macro   0x0000ca34      0x19b ./Core/Src/NRF24L01.o
 .debug_macro   0x0000cbcf      0x1ae ./Core/Src/NRF24L01.o
 .debug_macro   0x0000cd7d       0xea ./Core/Src/NRF24L01.o
 .debug_macro   0x0000ce67      0x1a0 ./Core/Src/NRF24L01.o
 .debug_macro   0x0000d007      0x1ed ./Core/Src/NRF24L01.o
 .debug_macro   0x0000d1f4       0x34 ./Core/Src/NRF24L01.o
 .debug_macro   0x0000d228       0x43 ./Core/Src/NRF24L01.o
 .debug_macro   0x0000d26b       0x28 ./Core/Src/NRF24L01.o
 .debug_macro   0x0000d293      0x33d ./Core/Src/NRF24L01.o
 .debug_macro   0x0000d5d0       0xbc ./Core/Src/NRF24L01.o
 .debug_macro   0x0000d68c       0xb0 ./Core/Src/NRF24L01.o
 .debug_macro   0x0000d73c      0x15a ./Core/Src/NRF24L01.o
 .debug_macro   0x0000d896      0x22c ./Core/Src/NRF24L01.o
 .debug_macro   0x0000dac2       0x61 ./Core/Src/NRF24L01.o
 .debug_macro   0x0000db23       0xa5 ./Core/Src/NRF24L01.o
 .debug_macro   0x0000dbc8       0x4c ./Core/Src/NRF24L01.o
 .debug_macro   0x0000dc14       0x32 ./Core/Src/NRF24L01.o
 .debug_macro   0x0000dc46      0x2fe ./Core/Src/NRF24L01.o
 .debug_macro   0x0000df44      0x10b ./Core/Src/NRF24L01.o
 .debug_macro   0x0000e04f      0x1dc ./Core/Src/main.o
 .debug_macro   0x0000e22b       0x64 ./Core/Src/main.o
 .debug_macro   0x0000e28f      0x1d2 ./Core/Src/stm32f0xx_hal_msp.o
 .debug_macro   0x0000e461      0x1dc ./Core/Src/stm32f0xx_it.o
 .debug_macro   0x0000e63d      0x1c3 ./Core/Src/system_stm32f0xx.o
 .debug_macro   0x0000e800      0x1e7 ./Drivers/STM32F0xx_HAL_Driver/Src/stm32f0xx_hal.o
 .debug_macro   0x0000e9e7      0x1e7 ./Drivers/STM32F0xx_HAL_Driver/Src/stm32f0xx_hal_adc.o
 .debug_macro   0x0000ebce      0x1c3 ./Drivers/STM32F0xx_HAL_Driver/Src/stm32f0xx_hal_cortex.o
 .debug_macro   0x0000ed91      0x1c3 ./Drivers/STM32F0xx_HAL_Driver/Src/stm32f0xx_hal_dma.o
 .debug_macro   0x0000ef54      0x1ca ./Drivers/STM32F0xx_HAL_Driver/Src/stm32f0xx_hal_gpio.o
 .debug_macro   0x0000f11e      0x1d5 ./Drivers/STM32F0xx_HAL_Driver/Src/stm32f0xx_hal_rcc.o
 .debug_macro   0x0000f2f3      0x1cb ./Drivers/STM32F0xx_HAL_Driver/Src/stm32f0xx_hal_spi.o

.debug_line     0x00000000     0x8fed
 .debug_line    0x00000000      0x873 ./Core/Src/NRF24L01.o
 .debug_line    0x00000873      0x8b5 ./Core/Src/main.o
 .debug_line    0x00001128      0x779 ./Core/Src/stm32f0xx_hal_msp.o
 .debug_line    0x000018a1      0x732 ./Core/Src/stm32f0xx_it.o
 .debug_line    0x00001fd3      0x732 ./Core/Src/system_stm32f0xx.o
 .debug_line    0x00002705       0x8d ./Core/Startup/startup_stm32f070f6px.o
 .debug_line    0x00002792      0x93c ./Drivers/STM32F0xx_HAL_Driver/Src/stm32f0xx_hal.o
 .debug_line    0x000030ce     0x112d ./Drivers/STM32F0xx_HAL_Driver/Src/stm32f0xx_hal_adc.o
 .debug_line    0x000041fb      0x9e4 ./Drivers/STM32F0xx_HAL_Driver/Src/stm32f0xx_hal_cortex.o
 .debug_line    0x00004bdf      0xc40 ./Drivers/STM32F0xx_HAL_Driver/Src/stm32f0xx_hal_dma.o
 .debug_line    0x0000581f      0xaa1 ./Drivers/STM32F0xx_HAL_Driver/Src/stm32f0xx_hal_gpio.o
 .debug_line    0x000062c0      0xdd2 ./Drivers/STM32F0xx_HAL_Driver/Src/stm32f0xx_hal_rcc.o
 .debug_line    0x00007092     0x1f5b ./Drivers/STM32F0xx_HAL_Driver/Src/stm32f0xx_hal_spi.o

.debug_str      0x00000000    0x5b14e
 .debug_str     0x00000000    0x5b14e ./Core/Src/NRF24L01.o
                              0x5980a (size before relaxing)
 .debug_str     0x0005b14e    0x59bfa ./Core/Src/main.o
 .debug_str     0x0005b14e    0x59815 ./Core/Src/stm32f0xx_hal_msp.o
 .debug_str     0x0005b14e    0x59366 ./Core/Src/stm32f0xx_it.o
 .debug_str     0x0005b14e    0x59069 ./Core/Src/system_stm32f0xx.o
 .debug_str     0x0005b14e       0x91 ./Core/Startup/startup_stm32f070f6px.o
 .debug_str     0x0005b14e    0x595dd ./Drivers/STM32F0xx_HAL_Driver/Src/stm32f0xx_hal.o
 .debug_str     0x0005b14e    0x59776 ./Drivers/STM32F0xx_HAL_Driver/Src/stm32f0xx_hal_adc.o
 .debug_str     0x0005b14e    0x593ce ./Drivers/STM32F0xx_HAL_Driver/Src/stm32f0xx_hal_cortex.o
 .debug_str     0x0005b14e    0x5940f ./Drivers/STM32F0xx_HAL_Driver/Src/stm32f0xx_hal_dma.o
 .debug_str     0x0005b14e    0x5920a ./Drivers/STM32F0xx_HAL_Driver/Src/stm32f0xx_hal_gpio.o
 .debug_str     0x0005b14e    0x594a5 ./Drivers/STM32F0xx_HAL_Driver/Src/stm32f0xx_hal_rcc.o
 .debug_str     0x0005b14e    0x599d3 ./Drivers/STM32F0xx_HAL_Driver/Src/stm32f0xx_hal_spi.o

.comment        0x00000000       0x43
 .comment       0x00000000       0x43 ./Core/Src/NRF24L01.o
                                 0x44 (size before relaxing)
 .comment       0x00000043       0x44 ./Core/Src/main.o
 .comment       0x00000043       0x44 ./Core/Src/stm32f0xx_hal_msp.o
 .comment       0x00000043       0x44 ./Core/Src/stm32f0xx_it.o
 .comment       0x00000043       0x44 ./Core/Src/system_stm32f0xx.o
 .comment       0x00000043       0x44 ./Drivers/STM32F0xx_HAL_Driver/Src/stm32f0xx_hal.o
 .comment       0x00000043       0x44 ./Drivers/STM32F0xx_HAL_Driver/Src/stm32f0xx_hal_adc.o
 .comment       0x00000043       0x44 ./Drivers/STM32F0xx_HAL_Driver/Src/stm32f0xx_hal_cortex.o
 .comment       0x00000043       0x44 ./Drivers/STM32F0xx_HAL_Driver/Src/stm32f0xx_hal_dma.o
 .comment       0x00000043       0x44 ./Drivers/STM32F0xx_HAL_Driver/Src/stm32f0xx_hal_gpio.o
 .comment       0x00000043       0x44 ./Drivers/STM32F0xx_HAL_Driver/Src/stm32f0xx_hal_rcc.o
 .comment       0x00000043       0x44 ./Drivers/STM32F0xx_HAL_Driver/Src/stm32f0xx_hal_spi.o

.debug_frame    0x00000000     0x18ac
 .debug_frame   0x00000000      0x13c ./Core/Src/NRF24L01.o
 .debug_frame   0x0000013c       0xe4 ./Core/Src/main.o
 .debug_frame   0x00000220       0xb0 ./Core/Src/stm32f0xx_hal_msp.o
 .debug_frame   0x000002d0       0xb8 ./Core/Src/stm32f0xx_it.o
 .debug_frame   0x00000388       0x4c ./Core/Src/system_stm32f0xx.o
 .debug_frame   0x000003d4      0x2a4 ./Drivers/STM32F0xx_HAL_Driver/Src/stm32f0xx_hal.o
 .debug_frame   0x00000678      0x3a0 ./Drivers/STM32F0xx_HAL_Driver/Src/stm32f0xx_hal_adc.o
 .debug_frame   0x00000a18      0x2a0 ./Drivers/STM32F0xx_HAL_Driver/Src/stm32f0xx_hal_cortex.o
 .debug_frame   0x00000cb8      0x1d0 ./Drivers/STM32F0xx_HAL_Driver/Src/stm32f0xx_hal_dma.o
 .debug_frame   0x00000e88      0x110 ./Drivers/STM32F0xx_HAL_Driver/Src/stm32f0xx_hal_gpio.o
 .debug_frame   0x00000f98      0x198 ./Drivers/STM32F0xx_HAL_Driver/Src/stm32f0xx_hal_rcc.o
 .debug_frame   0x00001130      0x710 ./Drivers/STM32F0xx_HAL_Driver/Src/stm32f0xx_hal_spi.o
 .debug_frame   0x00001840       0x20 /home/laio/st/stm32cubeide_1.19.0/plugins/com.st.stm32cube.ide.mcu.externaltools.gnu-tools-for-stm32.13.3.rel1.linux64_1.0.0.202410170706/tools/bin/../lib/gcc/arm-none-eabi/13.3.1/../../../../arm-none-eabi/lib/thumb/v6-m/nofp/libc_nano.a(libc_a-memset.o)
 .debug_frame   0x00001860       0x2c /home/laio/st/stm32cubeide_1.19.0/plugins/com.st.stm32cube.ide.mcu.externaltools.gnu-tools-for-stm32.13.3.rel1.linux64_1.0.0.202410170706/tools/bin/../lib/gcc/arm-none-eabi/13.3.1/../../../../arm-none-eabi/lib/thumb/v6-m/nofp/libc_nano.a(libc_a-init.o)
 .debug_frame   0x0000188c       0x20 /home/laio/st/stm32cubeide_1.19.0/plugins/com.st.stm32cube.ide.mcu.externaltools.gnu-tools-for-stm32.13.3.rel1.linux64_1.0.0.202410170706/tools/bin/../lib/gcc/arm-none-eabi/13.3.1/thumb/v6-m/nofp/libgcc.a(_udivsi3.o)

.debug_line_str
                0x00000000       0x75
 .debug_line_str
                0x00000000       0x75 ./Core/Startup/startup_stm32f070f6px.o
