Archive member included to satisfy reference by file (symbol)

c:/st/stm32cubeide_1.10.0/stm32cubeide/plugins/com.st.stm32cube.ide.mcu.externaltools.gnu-tools-for-stm32.10.3-2021.10.win32_1.0.0.202111181127/tools/bin/../lib/gcc/arm-none-eabi/10.3.1/../../../../arm-none-eabi/lib/thumb/v6-m/nofp\libc_nano.a(lib_a-errno.o)
                              ./Core/Src/syscalls.o (__errno)
c:/st/stm32cubeide_1.10.0/stm32cubeide/plugins/com.st.stm32cube.ide.mcu.externaltools.gnu-tools-for-stm32.10.3-2021.10.win32_1.0.0.202111181127/tools/bin/../lib/gcc/arm-none-eabi/10.3.1/../../../../arm-none-eabi/lib/thumb/v6-m/nofp\libc_nano.a(lib_a-exit.o)
                              c:/st/stm32cubeide_1.10.0/stm32cubeide/plugins/com.st.stm32cube.ide.mcu.externaltools.gnu-tools-for-stm32.10.3-2021.10.win32_1.0.0.202111181127/tools/bin/../lib/gcc/arm-none-eabi/10.3.1/../../../../arm-none-eabi/lib/thumb/v6-m/nofp/crt0.o (exit)
c:/st/stm32cubeide_1.10.0/stm32cubeide/plugins/com.st.stm32cube.ide.mcu.externaltools.gnu-tools-for-stm32.10.3-2021.10.win32_1.0.0.202111181127/tools/bin/../lib/gcc/arm-none-eabi/10.3.1/../../../../arm-none-eabi/lib/thumb/v6-m/nofp\libc_nano.a(lib_a-impure.o)
                              c:/st/stm32cubeide_1.10.0/stm32cubeide/plugins/com.st.stm32cube.ide.mcu.externaltools.gnu-tools-for-stm32.10.3-2021.10.win32_1.0.0.202111181127/tools/bin/../lib/gcc/arm-none-eabi/10.3.1/../../../../arm-none-eabi/lib/thumb/v6-m/nofp\libc_nano.a(lib_a-exit.o) (_global_impure_ptr)
c:/st/stm32cubeide_1.10.0/stm32cubeide/plugins/com.st.stm32cube.ide.mcu.externaltools.gnu-tools-for-stm32.10.3-2021.10.win32_1.0.0.202111181127/tools/bin/../lib/gcc/arm-none-eabi/10.3.1/../../../../arm-none-eabi/lib/thumb/v6-m/nofp\libc_nano.a(lib_a-init.o)
                              c:/st/stm32cubeide_1.10.0/stm32cubeide/plugins/com.st.stm32cube.ide.mcu.externaltools.gnu-tools-for-stm32.10.3-2021.10.win32_1.0.0.202111181127/tools/bin/../lib/gcc/arm-none-eabi/10.3.1/../../../../arm-none-eabi/lib/thumb/v6-m/nofp/crt0.o (__libc_init_array)
c:/st/stm32cubeide_1.10.0/stm32cubeide/plugins/com.st.stm32cube.ide.mcu.externaltools.gnu-tools-for-stm32.10.3-2021.10.win32_1.0.0.202111181127/tools/bin/../lib/gcc/arm-none-eabi/10.3.1/../../../../arm-none-eabi/lib/thumb/v6-m/nofp\libc_nano.a(lib_a-memset.o)
                              c:/st/stm32cubeide_1.10.0/stm32cubeide/plugins/com.st.stm32cube.ide.mcu.externaltools.gnu-tools-for-stm32.10.3-2021.10.win32_1.0.0.202111181127/tools/bin/../lib/gcc/arm-none-eabi/10.3.1/../../../../arm-none-eabi/lib/thumb/v6-m/nofp/crt0.o (memset)
c:/st/stm32cubeide_1.10.0/stm32cubeide/plugins/com.st.stm32cube.ide.mcu.externaltools.gnu-tools-for-stm32.10.3-2021.10.win32_1.0.0.202111181127/tools/bin/../lib/gcc/arm-none-eabi/10.3.1/thumb/v6-m/nofp\libgcc.a(_udivsi3.o)
                              ./Core/Src/system_stm32f0xx.o (__aeabi_uidiv)
c:/st/stm32cubeide_1.10.0/stm32cubeide/plugins/com.st.stm32cube.ide.mcu.externaltools.gnu-tools-for-stm32.10.3-2021.10.win32_1.0.0.202111181127/tools/bin/../lib/gcc/arm-none-eabi/10.3.1/thumb/v6-m/nofp\libgcc.a(_dvmd_tls.o)
                              c:/st/stm32cubeide_1.10.0/stm32cubeide/plugins/com.st.stm32cube.ide.mcu.externaltools.gnu-tools-for-stm32.10.3-2021.10.win32_1.0.0.202111181127/tools/bin/../lib/gcc/arm-none-eabi/10.3.1/thumb/v6-m/nofp\libgcc.a(_udivsi3.o) (__aeabi_idiv0)

Discarded input sections

 .text          0x0000000000000000        0x0 c:/st/stm32cubeide_1.10.0/stm32cubeide/plugins/com.st.stm32cube.ide.mcu.externaltools.gnu-tools-for-stm32.10.3-2021.10.win32_1.0.0.202111181127/tools/bin/../lib/gcc/arm-none-eabi/10.3.1/thumb/v6-m/nofp/crti.o
 .data          0x0000000000000000        0x0 c:/st/stm32cubeide_1.10.0/stm32cubeide/plugins/com.st.stm32cube.ide.mcu.externaltools.gnu-tools-for-stm32.10.3-2021.10.win32_1.0.0.202111181127/tools/bin/../lib/gcc/arm-none-eabi/10.3.1/thumb/v6-m/nofp/crti.o
 .bss           0x0000000000000000        0x0 c:/st/stm32cubeide_1.10.0/stm32cubeide/plugins/com.st.stm32cube.ide.mcu.externaltools.gnu-tools-for-stm32.10.3-2021.10.win32_1.0.0.202111181127/tools/bin/../lib/gcc/arm-none-eabi/10.3.1/thumb/v6-m/nofp/crti.o
 .data          0x0000000000000000        0x4 c:/st/stm32cubeide_1.10.0/stm32cubeide/plugins/com.st.stm32cube.ide.mcu.externaltools.gnu-tools-for-stm32.10.3-2021.10.win32_1.0.0.202111181127/tools/bin/../lib/gcc/arm-none-eabi/10.3.1/thumb/v6-m/nofp/crtbegin.o
 .rodata        0x0000000000000000       0x24 c:/st/stm32cubeide_1.10.0/stm32cubeide/plugins/com.st.stm32cube.ide.mcu.externaltools.gnu-tools-for-stm32.10.3-2021.10.win32_1.0.0.202111181127/tools/bin/../lib/gcc/arm-none-eabi/10.3.1/thumb/v6-m/nofp/crtbegin.o
 .text          0x0000000000000000       0x80 c:/st/stm32cubeide_1.10.0/stm32cubeide/plugins/com.st.stm32cube.ide.mcu.externaltools.gnu-tools-for-stm32.10.3-2021.10.win32_1.0.0.202111181127/tools/bin/../lib/gcc/arm-none-eabi/10.3.1/../../../../arm-none-eabi/lib/thumb/v6-m/nofp/crt0.o
[...]
Memory Configuration

Name             Origin             Length             Attributes
RAM              0x0000000020000000 0x0000000000001800 xrw
FLASH            0x0000000008000000 0x0000000000008000 xr
*default*        0x0000000000000000 0xffffffffffffffff

Linker script and memory map

LOAD c:/st/stm32cubeide_1.10.0/stm32cubeide/plugins/com.st.stm32cube.ide.mcu.externaltools.gnu-tools-for-stm32.10.3-2021.10.win32_1.0.0.202111181127/tools/bin/../lib/gcc/arm-none-eabi/10.3.1/thumb/v6-m/nofp/crti.o
LOAD c:/st/stm32cubeide_1.10.0/stm32cubeide/plugins/com.st.stm32cube.ide.mcu.externaltools.gnu-tools-for-stm32.10.3-2021.10.win32_1.0.0.202111181127/tools/bin/../lib/gcc/arm-none-eabi/10.3.1/thumb/v6-m/nofp/crtbegin.o
LOAD c:/st/stm32cubeide_1.10.0/stm32cubeide/plugins/com.st.stm32cube.ide.mcu.externaltools.gnu-tools-for-stm32.10.3-2021.10.win32_1.0.0.202111181127/tools/bin/../lib/gcc/arm-none-eabi/10.3.1/../../../../arm-none-eabi/lib/thumb/v6-m/nofp/crt0.o
LOAD ./Core/Src/NRF24L01.o
LOAD ./Core/Src/main.o
LOAD ./Core/Src/stm32f0xx_hal_msp.o
LOAD ./Core/Src/stm32f0xx_it.o
LOAD ./Core/Src/syscalls.o
LOAD ./Core/Src/sysmem.o
LOAD ./Core/Src/system_stm32f0xx.o
LOAD ./Core/Startup/startup_stm32f070f6px.o
LOAD ./Drivers/STM32F0xx_HAL_Driver/Src/stm32f0xx_hal.o
LOAD ./Drivers/STM32F0xx_HAL_Driver/Src/stm32f0xx_hal_adc.o
LOAD ./Drivers/STM32F0xx_HAL_Driver/Src/stm32f0xx_hal_adc_ex.o
LOAD ./Drivers/STM32F0xx_HAL_Driver/Src/stm32f0xx_hal_cortex.o
LOAD ./Drivers/STM32F0xx_HAL_Driver/Src/stm32f0xx_hal_dma.o
LOAD ./Drivers/STM32F0xx_HAL_Driver/Src/stm32f0xx_hal_exti.o
LOAD ./Drivers/STM32F0xx_HAL_Driver/Src/stm32f0xx_hal_flash.o
LOAD ./Drivers/STM32F0xx_HAL_Driver/Src/stm32f0xx_hal_flash_ex.o
LOAD ./Drivers/STM32F0xx_HAL_Driver/Src/stm32f0xx_hal_gpio.o
LOAD ./Drivers/STM32F0xx_HAL_Driver/Src/stm32f0xx_hal_i2c.o
LOAD ./Drivers/STM32F0xx_HAL_Driver/Src/stm32f0xx_hal_i2c_ex.o
LOAD ./Drivers/STM32F0xx_HAL_Driver/Src/stm32f0xx_hal_pwr.o
LOAD ./Drivers/STM32F0xx_HAL_Driver/Src/stm32f0xx_hal_pwr_ex.o
LOAD ./Drivers/STM32F0xx_HAL_Driver/Src/stm32f0xx_hal_rcc.o
LOAD ./Drivers/STM32F0xx_HAL_Driver/Src/stm32f0xx_hal_rcc_ex.o
LOAD ./Drivers/STM32F0xx_HAL_Driver/Src/stm32f0xx_hal_spi.o
LOAD ./Drivers/STM32F0xx_HAL_Driver/Src/stm32f0xx_hal_spi_ex.o
LOAD ./Drivers/STM32F0xx_HAL_Driver/Src/stm32f0xx_hal_tim.o
LOAD ./Drivers/STM32F0xx_HAL_Driver/Src/stm32f0xx_hal_tim_ex.o
START GROUP
LOAD c:/st/stm32cubeide_1.10.0/stm32cubeide/plugins/com.st.stm32cube.ide.mcu.externaltools.gnu-tools-for-stm32.10.3-2021.10.win32_1.0.0.202111181127/tools/bin/../lib/gcc/arm-none-eabi/10.3.1/../../../../arm-none-eabi/lib/thumb/v6-m/nofp\libc_nano.a
LOAD c:/st/stm32cubeide_1.10.0/stm32cubeide/plugins/com.st.stm32cube.ide.mcu.externaltools.gnu-tools-for-stm32.10.3-2021.10.win32_1.0.0.202111181127/tools/bin/../lib/gcc/arm-none-eabi/10.3.1/../../../../arm-none-eabi/lib/thumb/v6-m/nofp\libm.a
END GROUP
START GROUP
LOAD c:/st/stm32cubeide_1.10.0/stm32cubeide/plugins/com.st.stm32cube.ide.mcu.externaltools.gnu-tools-for-stm32.10.3-2021.10.win32_1.0.0.202111181127/tools/bin/../lib/gcc/arm-none-eabi/10.3.1/thumb/v6-m/nofp\libgcc.a
LOAD c:/st/stm32cubeide_1.10.0/stm32cubeide/plugins/com.st.stm32cube.ide.mcu.externaltools.gnu-tools-for-stm32.10.3-2021.10.win32_1.0.0.202111181127/tools/bin/../lib/gcc/arm-none-eabi/10.3.1/../../../../arm-none-eabi/lib/thumb/v6-m/nofp\libc_nano.a
END GROUP
START GROUP
LOAD c:/st/stm32cubeide_1.10.0/stm32cubeide/plugins/com.st.stm32cube.ide.mcu.externaltools.gnu-tools-for-stm32.10.3-2021.10.win32_1.0.0.202111181127/tools/bin/../lib/gcc/arm-none-eabi/10.3.1/thumb/v6-m/nofp\libgcc.a
LOAD c:/st/stm32cubeide_1.10.0/stm32cubeide/plugins/com.st.stm32cube.ide.mcu.externaltools.gnu-tools-for-stm32.10.3-2021.10.win32_1.0.0.202111181127/tools/bin/../lib/gcc/arm-none-eabi/10.3.1/../../../../arm-none-eabi/lib/thumb/v6-m/nofp\libc_nano.a
LOAD c:/st/stm32cubeide_1.10.0/stm32cubeide/plugins/com.st.stm32cube.ide.mcu.externaltools.gnu-tools-for-stm32.10.3-2021.10.win32_1.0.0.202111181127/tools/bin/../lib/gcc/arm-none-eabi/10.3.1/../../../../arm-none-eabi/lib/thumb/v6-m/nofp\libnosys.a
END GROUP
START GROUP
LOAD c:/st/stm32cubeide_1.10.0/stm32cubeide/plugins/com.st.stm32cube.ide.mcu.externaltools.gnu-tools-for-stm32.10.3-2021.10.win32_1.0.0.202111181127/tools/bin/../lib/gcc/arm-none-eabi/10.3.1/thumb/v6-m/nofp\libgcc.a
LOAD c:/st/stm32cubeide_1.10.0/stm32cubeide/plugins/com.st.stm32cube.ide.mcu.externaltools.gnu-tools-for-stm32.10.3-2021.10.win32_1.0.0.202111181127/tools/bin/../lib/gcc/arm-none-eabi/10.3.1/../../../../arm-none-eabi/lib/thumb/v6-m/nofp\libc_nano.a
LOAD c:/st/stm32cubeide_1.10.0/stm32cubeide/plugins/com.st.stm32cube.ide.mcu.externaltools.gnu-tools-for-stm32.10.3-2021.10.win32_1.0.0.202111181127/tools/bin/../lib/gcc/arm-none-eabi/10.3.1/../../../../arm-none-eabi/lib/thumb/v6-m/nofp\libnosys.a
END GROUP
LOAD c:/st/stm32cubeide_1.10.0/stm32cubeide/plugins/com.st.stm32cube.ide.mcu.externaltools.gnu-tools-for-stm32.10.3-2021.10.win32_1.0.0.202111181127/tools/bin/../lib/gcc/arm-none-eabi/10.3.1/thumb/v6-m/nofp/crtend.o
LOAD c:/st/stm32cubeide_1.10.0/stm32cubeide/plugins/com.st.stm32cube.ide.mcu.externaltools.gnu-tools-for-stm32.10.3-2021.10.win32_1.0.0.202111181127/tools/bin/../lib/gcc/arm-none-eabi/10.3.1/thumb/v6-m/nofp/crtn.o
                0x0000000020001800                _estack = (ORIGIN (RAM) + LENGTH (RAM))
                0x0000000000000200                _Min_Heap_Size = 0x200
                0x0000000000000400                _Min_Stack_Size = 0x400

.isr_vector     0x0000000008000000       0xc0
                0x0000000008000000                . = ALIGN (0x4)
 *(.isr_vector)
 .isr_vector    0x0000000008000000       0xc0 ./Core/Startup/startup_stm32f070f6px.o
                0x0000000008000000                g_pfnVectors
                0x00000000080000c0                . = ALIGN (0x4)

.text           0x00000000080000c0     0x3550
                0x00000000080000c0                . = ALIGN (0x4)
 *(.text)
 .text          0x00000000080000c0       0x48 c:/st/stm32cubeide_1.10.0/stm32cubeide/plugins/com.st.stm32cube.ide.mcu.externaltools.gnu-tools-for-stm32.10.3-2021.10.win32_1.0.0.202111181127/tools/bin/../lib/gcc/arm-none-eabi/10.3.1/thumb/v6-m/nofp/crtbegin.o
 .text          0x0000000008000108      0x114 c:/st/stm32cubeide_1.10.0/stm32cubeide/plugins/com.st.stm32cube.ide.mcu.externaltools.gnu-tools-for-stm32.10.3-2021.10.win32_1.0.0.202111181127/tools/bin/../lib/gcc/arm-none-eabi/10.3.1/thumb/v6-m/nofp\libgcc.a(_udivsi3.o)
                0x0000000008000108                __aeabi_uidiv
                0x0000000008000108                __udivsi3
                0x0000000008000214                __aeabi_uidivmod
 .text          0x000000000800021c        0x4 c:/st/stm32cubeide_1.10.0/stm32cubeide/plugins/com.st.stm32cube.ide.mcu.externaltools.gnu-tools-for-stm32.10.3-2021.10.win32_1.0.0.202111181127/tools/bin/../lib/gcc/arm-none-eabi/10.3.1/thumb/v6-m/nofp\libgcc.a(_dvmd_tls.o)
                0x000000000800021c                __aeabi_idiv0
                0x000000000800021c                __aeabi_ldiv0
 *(.text*)
 .text.CS_Select
                0x0000000008000220       0x1a ./Core/Src/NRF24L01.o
                0x0000000008000220                CS_Select
 .text.CS_UnSelect
                0x000000000800023a       0x1a ./Core/Src/NRF24L01.o
                0x000000000800023a                CS_UnSelect
 .text.CE_Enable
                0x0000000008000254       0x1a ./Core/Src/NRF24L01.o
                0x0000000008000254                CE_Enable
 .text.CE_Disable
                0x000000000800026e       0x1a ./Core/Src/NRF24L01.o
                0x000000000800026e                CE_Disable
 .text.nrf24_WriteReg
                0x0000000008000288       0x4c ./Core/Src/NRF24L01.o
                0x0000000008000288                nrf24_WriteReg
 .text.nrf24_WriteRegMulti
                0x00000000080002d4       0x54 ./Core/Src/NRF24L01.o
                0x00000000080002d4                nrf24_WriteRegMulti
 .text.nrf24_ReadReg
                0x0000000008000328       0x44 ./Core/Src/NRF24L01.o
                0x0000000008000328                nrf24_ReadReg
 .text.nrfsendCmd
                0x000000000800036c       0x2c ./Core/Src/NRF24L01.o
                0x000000000800036c                nrfsendCmd
 .text.nrf24_reset
                0x0000000008000398      0x148 ./Core/Src/NRF24L01.o
                0x0000000008000398                nrf24_reset
 .text.NRF24_Init
                0x00000000080004e0       0x50 ./Core/Src/NRF24L01.o
                0x00000000080004e0                NRF24_Init
 .text.NRF24_TxMode
                0x0000000008000530       0x6a ./Core/Src/NRF24L01.o
                0x0000000008000530                NRF24_TxMode
 *fill*         0x000000000800059a        0x2 
 .text.NRF24_Transmit
                0x000000000800059c       0x8c ./Core/Src/NRF24L01.o
                0x000000000800059c                NRF24_Transmit
 .text.main     0x0000000008000628      0x1ac ./Core/Src/main.o
                0x0000000008000628                main
 .text.SystemClock_Config
                0x00000000080007d4       0x9c ./Core/Src/main.o
                0x00000000080007d4                SystemClock_Config
 .text.MX_ADC_Init
                0x0000000008000870      0x104 ./Core/Src/main.o
 .text.MX_SPI1_Init
                0x0000000008000974       0x7c ./Core/Src/main.o
 .text.MX_DMA_Init
                0x00000000080009f0       0x3c ./Core/Src/main.o
 .text.MX_GPIO_Init
                0x0000000008000a2c      0x104 ./Core/Src/main.o
 .text.Error_Handler
                0x0000000008000b30        0xa ./Core/Src/main.o
                0x0000000008000b30                Error_Handler
 *fill*         0x0000000008000b3a        0x2 
 .text.HAL_MspInit
                0x0000000008000b3c       0x48 ./Core/Src/stm32f0xx_hal_msp.o
                0x0000000008000b3c                HAL_MspInit
 .text.HAL_ADC_MspInit
                0x0000000008000b84       0xe4 ./Core/Src/stm32f0xx_hal_msp.o
                0x0000000008000b84                HAL_ADC_MspInit
 .text.HAL_SPI_MspInit
                0x0000000008000c68       0x98 ./Core/Src/stm32f0xx_hal_msp.o
                0x0000000008000c68                HAL_SPI_MspInit
 .text.NMI_Handler
                0x0000000008000d00        0x6 ./Core/Src/stm32f0xx_it.o
                0x0000000008000d00                NMI_Handler
 .text.HardFault_Handler
                0x0000000008000d06        0x6 ./Core/Src/stm32f0xx_it.o
                0x0000000008000d06                HardFault_Handler
 .text.SVC_Handler
                0x0000000008000d0c        0xa ./Core/Src/stm32f0xx_it.o
                0x0000000008000d0c                SVC_Handler
 .text.PendSV_Handler
                0x0000000008000d16        0xa ./Core/Src/stm32f0xx_it.o
                0x0000000008000d16                PendSV_Handler
 .text.SysTick_Handler
                0x0000000008000d20        0xe ./Core/Src/stm32f0xx_it.o
                0x0000000008000d20                SysTick_Handler
 *fill*         0x0000000008000d2e        0x2 
 .text.DMA1_Channel1_IRQHandler
                0x0000000008000d30       0x18 ./Core/Src/stm32f0xx_it.o
                0x0000000008000d30                DMA1_Channel1_IRQHandler
 .text.SystemInit
                0x0000000008000d48        0xa ./Core/Src/system_stm32f0xx.o
                0x0000000008000d48                SystemInit
 *fill*         0x0000000008000d52        0x2 
 .text.Reset_Handler
                0x0000000008000d54       0x80 ./Core/Startup/startup_stm32f070f6px.o
                0x0000000008000d54                Reset_Handler
 .text.Default_Handler
                0x0000000008000dd4        0x2 ./Core/Startup/startup_stm32f070f6px.o
                0x0000000008000dd4                TIM1_CC_IRQHandler
                0x0000000008000dd4                I2C1_IRQHandler
                0x0000000008000dd4                SPI1_IRQHandler
                0x0000000008000dd4                EXTI2_3_IRQHandler
                0x0000000008000dd4                ADC1_IRQHandler
                0x0000000008000dd4                TIM17_IRQHandler
                0x0000000008000dd4                RTC_IRQHandler
                0x0000000008000dd4                TIM16_IRQHandler
                0x0000000008000dd4                TIM3_IRQHandler
                0x0000000008000dd4                EXTI4_15_IRQHandler
                0x0000000008000dd4                RCC_IRQHandler
                0x0000000008000dd4                Default_Handler
                0x0000000008000dd4                TIM14_IRQHandler
                0x0000000008000dd4                DMA1_Channel4_5_IRQHandler
                0x0000000008000dd4                EXTI0_1_IRQHandler
                0x0000000008000dd4                USB_IRQHandler
                0x0000000008000dd4                WWDG_IRQHandler
                0x0000000008000dd4                DMA1_Channel2_3_IRQHandler
                0x0000000008000dd4                USART2_IRQHandler
                0x0000000008000dd4                FLASH_IRQHandler
                0x0000000008000dd4                USART1_IRQHandler
                0x0000000008000dd4                TIM1_BRK_UP_TRG_COM_IRQHandler
 *fill*         0x0000000008000dd6        0x2 
 .text.HAL_Init
                0x0000000008000dd8       0x28 ./Drivers/STM32F0xx_HAL_Driver/Src/stm32f0xx_hal.o
                0x0000000008000dd8                HAL_Init
 .text.HAL_InitTick
                0x0000000008000e00       0x68 ./Drivers/STM32F0xx_HAL_Driver/Src/stm32f0xx_hal.o
                0x0000000008000e00                HAL_InitTick
 .text.HAL_IncTick
                0x0000000008000e68       0x24 ./Drivers/STM32F0xx_HAL_Driver/Src/stm32f0xx_hal.o
                0x0000000008000e68                HAL_IncTick
 .text.HAL_GetTick
                0x0000000008000e8c       0x14 ./Drivers/STM32F0xx_HAL_Driver/Src/stm32f0xx_hal.o
                0x0000000008000e8c                HAL_GetTick
 .text.HAL_Delay
                0x0000000008000ea0       0x48 ./Drivers/STM32F0xx_HAL_Driver/Src/stm32f0xx_hal.o
                0x0000000008000ea0                HAL_Delay
 .text.HAL_ADC_Init
                0x0000000008000ee8      0x280 ./Drivers/STM32F0xx_HAL_Driver/Src/stm32f0xx_hal_adc.o
                0x0000000008000ee8                HAL_ADC_Init
 .text.HAL_ADC_Start_DMA
                0x0000000008001168      0x104 ./Drivers/STM32F0xx_HAL_Driver/Src/stm32f0xx_hal_adc.o
                0x0000000008001168                HAL_ADC_Start_DMA
 .text.HAL_ADC_ConvCpltCallback
                0x000000000800126c       0x10 ./Drivers/STM32F0xx_HAL_Driver/Src/stm32f0xx_hal_adc.o
                0x000000000800126c                HAL_ADC_ConvCpltCallback
 .text.HAL_ADC_ConvHalfCpltCallback
                0x000000000800127c       0x10 ./Drivers/STM32F0xx_HAL_Driver/Src/stm32f0xx_hal_adc.o
                0x000000000800127c                HAL_ADC_ConvHalfCpltCallback
 .text.HAL_ADC_ErrorCallback
                0x000000000800128c       0x10 ./Drivers/STM32F0xx_HAL_Driver/Src/stm32f0xx_hal_adc.o
                0x000000000800128c                HAL_ADC_ErrorCallback
 .text.HAL_ADC_ConfigChannel
                0x000000000800129c      0x1ec ./Drivers/STM32F0xx_HAL_Driver/Src/stm32f0xx_hal_adc.o
                0x000000000800129c                HAL_ADC_ConfigChannel
 .text.ADC_Enable
                0x0000000008001488      0x108 ./Drivers/STM32F0xx_HAL_Driver/Src/stm32f0xx_hal_adc.o
 .text.ADC_DMAConvCplt
                0x0000000008001590       0xb4 ./Drivers/STM32F0xx_HAL_Driver/Src/stm32f0xx_hal_adc.o
 .text.ADC_DMAHalfConvCplt
                0x0000000008001644       0x1e ./Drivers/STM32F0xx_HAL_Driver/Src/stm32f0xx_hal_adc.o
 .text.ADC_DMAError
                0x0000000008001662       0x36 ./Drivers/STM32F0xx_HAL_Driver/Src/stm32f0xx_hal_adc.o
 .text.__NVIC_EnableIRQ
                0x0000000008001698       0x34 ./Drivers/STM32F0xx_HAL_Driver/Src/stm32f0xx_hal_cortex.o
 .text.__NVIC_SetPriority
                0x00000000080016cc       0xdc ./Drivers/STM32F0xx_HAL_Driver/Src/stm32f0xx_hal_cortex.o
 .text.SysTick_Config
                0x00000000080017a8       0x48 ./Drivers/STM32F0xx_HAL_Driver/Src/stm32f0xx_hal_cortex.o
 .text.HAL_NVIC_SetPriority
                0x00000000080017f0       0x2a ./Drivers/STM32F0xx_HAL_Driver/Src/stm32f0xx_hal_cortex.o
                0x00000000080017f0                HAL_NVIC_SetPriority
 .text.HAL_NVIC_EnableIRQ
                0x000000000800181a       0x20 ./Drivers/STM32F0xx_HAL_Driver/Src/stm32f0xx_hal_cortex.o
                0x000000000800181a                HAL_NVIC_EnableIRQ
 .text.HAL_SYSTICK_Config
                0x000000000800183a       0x1a ./Drivers/STM32F0xx_HAL_Driver/Src/stm32f0xx_hal_cortex.o
                0x000000000800183a                HAL_SYSTICK_Config
 .text.HAL_DMA_Init
                0x0000000008001854       0x90 ./Drivers/STM32F0xx_HAL_Driver/Src/stm32f0xx_hal_dma.o
                0x0000000008001854                HAL_DMA_Init
 .text.HAL_DMA_Start_IT
                0x00000000080018e4       0xcc ./Drivers/STM32F0xx_HAL_Driver/Src/stm32f0xx_hal_dma.o
                0x00000000080018e4                HAL_DMA_Start_IT
 .text.HAL_DMA_IRQHandler
                0x00000000080019b0      0x144 ./Drivers/STM32F0xx_HAL_Driver/Src/stm32f0xx_hal_dma.o
                0x00000000080019b0                HAL_DMA_IRQHandler
 .text.DMA_SetConfig
                0x0000000008001af4       0x58 ./Drivers/STM32F0xx_HAL_Driver/Src/stm32f0xx_hal_dma.o
 .text.DMA_CalcBaseAndBitshift
                0x0000000008001b4c       0x38 ./Drivers/STM32F0xx_HAL_Driver/Src/stm32f0xx_hal_dma.o
 .text.HAL_GPIO_Init
                0x0000000008001b84      0x2e0 ./Drivers/STM32F0xx_HAL_Driver/Src/stm32f0xx_hal_gpio.o
                0x0000000008001b84                HAL_GPIO_Init
 .text.HAL_GPIO_WritePin
                0x0000000008001e64       0x3a ./Drivers/STM32F0xx_HAL_Driver/Src/stm32f0xx_hal_gpio.o
                0x0000000008001e64                HAL_GPIO_WritePin
 .text.HAL_GPIO_TogglePin
                0x0000000008001e9e       0x36 ./Drivers/STM32F0xx_HAL_Driver/Src/stm32f0xx_hal_gpio.o
                0x0000000008001e9e                HAL_GPIO_TogglePin
 .text.HAL_RCC_OscConfig
                0x0000000008001ed4      0x63c ./Drivers/STM32F0xx_HAL_Driver/Src/stm32f0xx_hal_rcc.o
                0x0000000008001ed4                HAL_RCC_OscConfig
 .text.HAL_RCC_ClockConfig
                0x0000000008002510      0x19c ./Drivers/STM32F0xx_HAL_Driver/Src/stm32f0xx_hal_rcc.o
                0x0000000008002510                HAL_RCC_ClockConfig
 .text.HAL_RCC_GetSysClockFreq
                0x00000000080026ac       0xb4 ./Drivers/STM32F0xx_HAL_Driver/Src/stm32f0xx_hal_rcc.o
                0x00000000080026ac                HAL_RCC_GetSysClockFreq
 .text.HAL_SPI_Init
                0x0000000008002760      0x170 ./Drivers/STM32F0xx_HAL_Driver/Src/stm32f0xx_hal_spi.o
                0x0000000008002760                HAL_SPI_Init
 .text.HAL_SPI_Transmit
                0x00000000080028d0      0x2be ./Drivers/STM32F0xx_HAL_Driver/Src/stm32f0xx_hal_spi.o
                0x00000000080028d0                HAL_SPI_Transmit
 *fill*         0x0000000008002b8e        0x2 
 .text.HAL_SPI_Receive
                0x0000000008002b90      0x2a4 ./Drivers/STM32F0xx_HAL_Driver/Src/stm32f0xx_hal_spi.o
                0x0000000008002b90                HAL_SPI_Receive
 .text.HAL_SPI_TransmitReceive
                0x0000000008002e34      0x3c4 ./Drivers/STM32F0xx_HAL_Driver/Src/stm32f0xx_hal_spi.o
                0x0000000008002e34                HAL_SPI_TransmitReceive
 .text.SPI_WaitFlagStateUntilTimeout
                0x00000000080031f8      0x11c ./Drivers/STM32F0xx_HAL_Driver/Src/stm32f0xx_hal_spi.o
 .text.SPI_WaitFifoStateUntilTimeout
                0x0000000008003314      0x144 ./Drivers/STM32F0xx_HAL_Driver/Src/stm32f0xx_hal_spi.o
 .text.SPI_EndRxTransaction
                0x0000000008003458       0xbc ./Drivers/STM32F0xx_HAL_Driver/Src/stm32f0xx_hal_spi.o
 .text.SPI_EndRxTxTransaction
                0x0000000008003514       0x8c ./Drivers/STM32F0xx_HAL_Driver/Src/stm32f0xx_hal_spi.o
 .text.__libc_init_array
                0x00000000080035a0       0x48 c:/st/stm32cubeide_1.10.0/stm32cubeide/plugins/com.st.stm32cube.ide.mcu.externaltools.gnu-tools-for-stm32.10.3-2021.10.win32_1.0.0.202111181127/tools/bin/../lib/gcc/arm-none-eabi/10.3.1/../../../../arm-none-eabi/lib/thumb/v6-m/nofp\libc_nano.a(lib_a-init.o)
                0x00000000080035a0                __libc_init_array
 .text.memset   0x00000000080035e8       0x10 c:/st/stm32cubeide_1.10.0/stm32cubeide/plugins/com.st.stm32cube.ide.mcu.externaltools.gnu-tools-for-stm32.10.3-2021.10.win32_1.0.0.202111181127/tools/bin/../lib/gcc/arm-none-eabi/10.3.1/../../../../arm-none-eabi/lib/thumb/v6-m/nofp\libc_nano.a(lib_a-memset.o)
                0x00000000080035e8                memset
 *(.glue_7)
 .glue_7        0x00000000080035f8        0x0 linker stubs
 *(.glue_7t)
 .glue_7t       0x00000000080035f8        0x0 linker stubs
 *(.eh_frame)
 .eh_frame      0x00000000080035f8        0x0 c:/st/stm32cubeide_1.10.0/stm32cubeide/plugins/com.st.stm32cube.ide.mcu.externaltools.gnu-tools-for-stm32.10.3-2021.10.win32_1.0.0.202111181127/tools/bin/../lib/gcc/arm-none-eabi/10.3.1/thumb/v6-m/nofp/crtbegin.o
 *(.init)
 .init          0x00000000080035f8        0x4 c:/st/stm32cubeide_1.10.0/stm32cubeide/plugins/com.st.stm32cube.ide.mcu.externaltools.gnu-tools-for-stm32.10.3-2021.10.win32_1.0.0.202111181127/tools/bin/../lib/gcc/arm-none-eabi/10.3.1/thumb/v6-m/nofp/crti.o
                0x00000000080035f8                _init
 .init          0x00000000080035fc        0x8 c:/st/stm32cubeide_1.10.0/stm32cubeide/plugins/com.st.stm32cube.ide.mcu.externaltools.gnu-tools-for-stm32.10.3-2021.10.win32_1.0.0.202111181127/tools/bin/../lib/gcc/arm-none-eabi/10.3.1/thumb/v6-m/nofp/crtn.o
 *(.fini)
 .fini          0x0000000008003604        0x4 c:/st/stm32cubeide_1.10.0/stm32cubeide/plugins/com.st.stm32cube.ide.mcu.externaltools.gnu-tools-for-stm32.10.3-2021.10.win32_1.0.0.202111181127/tools/bin/../lib/gcc/arm-none-eabi/10.3.1/thumb/v6-m/nofp/crti.o
                0x0000000008003604                _fini
 .fini          0x0000000008003608        0x8 c:/st/stm32cubeide_1.10.0/stm32cubeide/plugins/com.st.stm32cube.ide.mcu.externaltools.gnu-tools-for-stm32.10.3-2021.10.win32_1.0.0.202111181127/tools/bin/../lib/gcc/arm-none-eabi/10.3.1/thumb/v6-m/nofp/crtn.o
                0x0000000008003610                . = ALIGN (0x4)
                0x0000000008003610                _etext = .

.vfp11_veneer   0x0000000008003610        0x0
 .vfp11_veneer  0x0000000008003610        0x0 linker stubs

.v4_bx          0x0000000008003610        0x0
 .v4_bx         0x0000000008003610        0x0 linker stubs

.iplt           0x0000000008003610        0x0
 .iplt          0x0000000008003610        0x0 c:/st/stm32cubeide_1.10.0/stm32cubeide/plugins/com.st.stm32cube.ide.mcu.externaltools.gnu-tools-for-stm32.10.3-2021.10.win32_1.0.0.202111181127/tools/bin/../lib/gcc/arm-none-eabi/10.3.1/thumb/v6-m/nofp/crtbegin.o

.rodata         0x0000000008003610       0x40
                0x0000000008003610                . = ALIGN (0x4)
 *(.rodata)
 .rodata        0x0000000008003610        0xd ./Core/Src/NRF24L01.o
 *(.rodata*)
 *fill*         0x000000000800361d        0x3 
 .rodata.AHBPrescTable
                0x0000000008003620       0x10 ./Core/Src/system_stm32f0xx.o
                0x0000000008003620                AHBPrescTable
 .rodata.aPLLMULFactorTable.1
                0x0000000008003630       0x10 ./Drivers/STM32F0xx_HAL_Driver/Src/stm32f0xx_hal_rcc.o
 .rodata.aPredivFactorTable.0
                0x0000000008003640       0x10 ./Drivers/STM32F0xx_HAL_Driver/Src/stm32f0xx_hal_rcc.o
                0x0000000008003650                . = ALIGN (0x4)

.rel.dyn        0x0000000008003650        0x0
 .rel.iplt      0x0000000008003650        0x0 c:/st/stm32cubeide_1.10.0/stm32cubeide/plugins/com.st.stm32cube.ide.mcu.externaltools.gnu-tools-for-stm32.10.3-2021.10.win32_1.0.0.202111181127/tools/bin/../lib/gcc/arm-none-eabi/10.3.1/thumb/v6-m/nofp/crtbegin.o

.ARM.extab      0x0000000008003650        0x0
                0x0000000008003650                . = ALIGN (0x4)
 *(.ARM.extab* .gnu.linkonce.armextab.*)
                0x0000000008003650                . = ALIGN (0x4)

.ARM            0x0000000008003650        0x0
                0x0000000008003650                . = ALIGN (0x4)
                0x0000000008003650                __exidx_start = .
 *(.ARM.exidx*)
                0x0000000008003650                __exidx_end = .
                0x0000000008003650                . = ALIGN (0x4)

.preinit_array  0x0000000008003650        0x0
                0x0000000008003650                . = ALIGN (0x4)
                0x0000000008003650                PROVIDE (__preinit_array_start = .)
 *(.preinit_array*)
                0x0000000008003650                PROVIDE (__preinit_array_end = .)
                0x0000000008003650                . = ALIGN (0x4)

.init_array     0x0000000008003650        0x4
                0x0000000008003650                . = ALIGN (0x4)
                0x0000000008003650                PROVIDE (__init_array_start = .)
 *(SORT_BY_NAME(.init_array.*))
 *(.init_array*)
 .init_array    0x0000000008003650        0x4 c:/st/stm32cubeide_1.10.0/stm32cubeide/plugins/com.st.stm32cube.ide.mcu.externaltools.gnu-tools-for-stm32.10.3-2021.10.win32_1.0.0.202111181127/tools/bin/../lib/gcc/arm-none-eabi/10.3.1/thumb/v6-m/nofp/crtbegin.o
                0x0000000008003654                PROVIDE (__init_array_end = .)
                0x0000000008003654                . = ALIGN (0x4)

.fini_array     0x0000000008003654        0x4
                0x0000000008003654                . = ALIGN (0x4)
                [!provide]                        PROVIDE (__fini_array_start = .)
 *(SORT_BY_NAME(.fini_array.*))
 *(.fini_array*)
 .fini_array    0x0000000008003654        0x4 c:/st/stm32cubeide_1.10.0/stm32cubeide/plugins/com.st.stm32cube.ide.mcu.externaltools.gnu-tools-for-stm32.10.3-2021.10.win32_1.0.0.202111181127/tools/bin/../lib/gcc/arm-none-eabi/10.3.1/thumb/v6-m/nofp/crtbegin.o
                [!provide]                        PROVIDE (__fini_array_end = .)
                0x0000000008003658                . = ALIGN (0x4)
                0x0000000008003658                _sidata = LOADADDR (.data)

.data           0x0000000020000000       0x48 load address 0x0000000008003658
                0x0000000020000000                . = ALIGN (0x4)
                0x0000000020000000                _sdata = .
 *(.data)
 *(.data*)
 .data.TxAddress
                0x0000000020000000        0x5 ./Core/Src/main.o
                0x0000000020000000                TxAddress
 *fill*         0x0000000020000005        0x3 
 .data.frente   0x0000000020000008        0x7 ./Core/Src/main.o
                0x0000000020000008                frente
 *fill*         0x000000002000000f        0x1 
 .data.tras     0x0000000020000010        0x5 ./Core/Src/main.o
                0x0000000020000010                tras
 *fill*         0x0000000020000015        0x3 
 .data.direita  0x0000000020000018        0x8 ./Core/Src/main.o
                0x0000000020000018                direita
 .data.esquerda
                0x0000000020000020        0x9 ./Core/Src/main.o
                0x0000000020000020                esquerda
 *fill*         0x0000000020000029        0x3 
 .data.giroesq  0x000000002000002c        0x8 ./Core/Src/main.o
                0x000000002000002c                giroesq
 .data.girodir  0x0000000020000034        0x8 ./Core/Src/main.o
                0x0000000020000034                girodir
 .data.SystemCoreClock
                0x000000002000003c        0x4 ./Core/Src/system_stm32f0xx.o
                0x000000002000003c                SystemCoreClock
 .data.uwTickPrio
                0x0000000020000040        0x4 ./Drivers/STM32F0xx_HAL_Driver/Src/stm32f0xx_hal.o
                0x0000000020000040                uwTickPrio
 .data.uwTickFreq
                0x0000000020000044        0x1 ./Drivers/STM32F0xx_HAL_Driver/Src/stm32f0xx_hal.o
                0x0000000020000044                uwTickFreq
 *(.RamFunc)
 *(.RamFunc*)
                0x0000000020000048                . = ALIGN (0x4)
 *fill*         0x0000000020000045        0x3 
                0x0000000020000048                _edata = .

.igot.plt       0x0000000020000048        0x0 load address 0x00000000080036a0
 .igot.plt      0x0000000020000048        0x0 c:/st/stm32cubeide_1.10.0/stm32cubeide/plugins/com.st.stm32cube.ide.mcu.externaltools.gnu-tools-for-stm32.10.3-2021.10.win32_1.0.0.202111181127/tools/bin/../lib/gcc/arm-none-eabi/10.3.1/thumb/v6-m/nofp/crtbegin.o
                0x0000000020000048                . = ALIGN (0x4)

.bss            0x0000000020000048      0x118 load address 0x00000000080036a0
                0x0000000020000048                _sbss = .
                0x0000000020000048                __bss_start__ = _sbss
 *(.bss)
 .bss           0x0000000020000048       0x1c c:/st/stm32cubeide_1.10.0/stm32cubeide/plugins/com.st.stm32cube.ide.mcu.externaltools.gnu-tools-for-stm32.10.3-2021.10.win32_1.0.0.202111181127/tools/bin/../lib/gcc/arm-none-eabi/10.3.1/thumb/v6-m/nofp/crtbegin.o
 *(.bss*)
 .bss.hadc      0x0000000020000064       0x40 ./Core/Src/main.o
                0x0000000020000064                hadc
 .bss.hdma_adc  0x00000000200000a4       0x44 ./Core/Src/main.o
                0x00000000200000a4                hdma_adc
 .bss.hspi1     0x00000000200000e8       0x64 ./Core/Src/main.o
                0x00000000200000e8                hspi1
 .bss.h         0x000000002000014c       0x10 ./Core/Src/main.o
                0x000000002000014c                h
 .bss.uwTick    0x000000002000015c        0x4 ./Drivers/STM32F0xx_HAL_Driver/Src/stm32f0xx_hal.o
                0x000000002000015c                uwTick
 *(COMMON)
                0x0000000020000160                . = ALIGN (0x4)
                0x0000000020000160                _ebss = .
                0x0000000020000160                __bss_end__ = _ebss

._user_heap_stack
                0x0000000020000160      0x600 load address 0x00000000080036a0
                0x0000000020000160                . = ALIGN (0x8)
                [!provide]                        PROVIDE (end = .)
                0x0000000020000160                PROVIDE (_end = .)
                0x0000000020000360                . = (. + _Min_Heap_Size)
 *fill*         0x0000000020000160      0x200 
                0x0000000020000760                . = (. + _Min_Stack_Size)
 *fill*         0x0000000020000360      0x400 
                0x0000000020000760                . = ALIGN (0x8)

/DISCARD/
 libc.a(*)
 libm.a(*)
 libgcc.a(*)

.ARM.attributes
                0x0000000000000000       0x28
 *(.ARM.attributes)
 .ARM.attributes
                0x0000000000000000       0x1e c:/st/stm32cubeide_1.10.0/stm32cubeide/plugins/com.st.stm32cube.ide.mcu.externaltools.gnu-tools-for-stm32.10.3-2021.10.win32_1.0.0.202111181127/tools/bin/../lib/gcc/arm-none-eabi/10.3.1/thumb/v6-m/nofp/crti.o
 .ARM.attributes
                0x000000000000001e       0x2c c:/st/stm32cubeide_1.10.0/stm32cubeide/plugins/com.st.stm32cube.ide.mcu.externaltools.gnu-tools-for-stm32.10.3-2021.10.win32_1.0.0.202111181127/tools/bin/../lib/gcc/arm-none-eabi/10.3.1/thumb/v6-m/nofp/crtbegin.o
 .ARM.attributes
                0x000000000000004a       0x2c ./Core/Src/NRF24L01.o
 .ARM.attributes
                0x0000000000000076       0x2c ./Core/Src/main.o
 .ARM.attributes
                0x00000000000000a2       0x2c ./Core/Src/stm32f0xx_hal_msp.o
 .ARM.attributes
                0x00000000000000ce       0x2c ./Core/Src/stm32f0xx_it.o
 .ARM.attributes
                0x00000000000000fa       0x2c ./Core/Src/system_stm32f0xx.o
 .ARM.attributes
                0x0000000000000126       0x21 ./Core/Startup/startup_stm32f070f6px.o
 .ARM.attributes
                0x0000000000000147       0x2c ./Drivers/STM32F0xx_HAL_Driver/Src/stm32f0xx_hal.o
 .ARM.attributes
                0x0000000000000173       0x2c ./Drivers/STM32F0xx_HAL_Driver/Src/stm32f0xx_hal_adc.o
 .ARM.attributes
                0x000000000000019f       0x2c ./Drivers/STM32F0xx_HAL_Driver/Src/stm32f0xx_hal_cortex.o
 .ARM.attributes
                0x00000000000001cb       0x2c ./Drivers/STM32F0xx_HAL_Driver/Src/stm32f0xx_hal_dma.o
 .ARM.attributes
                0x00000000000001f7       0x2c ./Drivers/STM32F0xx_HAL_Driver/Src/stm32f0xx_hal_gpio.o
 .ARM.attributes
                0x0000000000000223       0x2c ./Drivers/STM32F0xx_HAL_Driver/Src/stm32f0xx_hal_rcc.o
 .ARM.attributes
                0x000000000000024f       0x2c ./Drivers/STM32F0xx_HAL_Driver/Src/stm32f0xx_hal_spi.o
 .ARM.attributes
                0x000000000000027b       0x2c c:/st/stm32cubeide_1.10.0/stm32cubeide/plugins/com.st.stm32cube.ide.mcu.externaltools.gnu-tools-for-stm32.10.3-2021.10.win32_1.0.0.202111181127/tools/bin/../lib/gcc/arm-none-eabi/10.3.1/../../../../arm-none-eabi/lib/thumb/v6-m/nofp\libc_nano.a(lib_a-init.o)
 .ARM.attributes
                0x00000000000002a7       0x2c c:/st/stm32cubeide_1.10.0/stm32cubeide/plugins/com.st.stm32cube.ide.mcu.externaltools.gnu-tools-for-stm32.10.3-2021.10.win32_1.0.0.202111181127/tools/bin/../lib/gcc/arm-none-eabi/10.3.1/../../../../arm-none-eabi/lib/thumb/v6-m/nofp\libc_nano.a(lib_a-memset.o)
 .ARM.attributes
                0x00000000000002d3       0x1e c:/st/stm32cubeide_1.10.0/stm32cubeide/plugins/com.st.stm32cube.ide.mcu.externaltools.gnu-tools-for-stm32.10.3-2021.10.win32_1.0.0.202111181127/tools/bin/../lib/gcc/arm-none-eabi/10.3.1/thumb/v6-m/nofp\libgcc.a(_udivsi3.o)
 .ARM.attributes
                0x00000000000002f1       0x1e c:/st/stm32cubeide_1.10.0/stm32cubeide/plugins/com.st.stm32cube.ide.mcu.externaltools.gnu-tools-for-stm32.10.3-2021.10.win32_1.0.0.202111181127/tools/bin/../lib/gcc/arm-none-eabi/10.3.1/thumb/v6-m/nofp\libgcc.a(_dvmd_tls.o)
 .ARM.attributes
                0x000000000000030f       0x1e c:/st/stm32cubeide_1.10.0/stm32cubeide/plugins/com.st.stm32cube.ide.mcu.externaltools.gnu-tools-for-stm32.10.3-2021.10.win32_1.0.0.202111181127/tools/bin/../lib/gcc/arm-none-eabi/10.3.1/thumb/v6-m/nofp/crtn.o
OUTPUT(ControleRemoto_STM32F070F6P6.elf elf32-littlearm)
LOAD linker stubs
LOAD c:/st/stm32cubeide_1.10.0/stm32cubeide/plugins/com.st.stm32cube.ide.mcu.externaltools.gnu-tools-for-stm32.10.3-2021.10.win32_1.0.0.202111181127/tools/bin/../lib/gcc/arm-none-eabi/10.3.1/../../../../arm-none-eabi/lib/thumb/v6-m/nofp\libc.a
LOAD c:/st/stm32cubeide_1.10.0/stm32cubeide/plugins/com.st.stm32cube.ide.mcu.externaltools.gnu-tools-for-stm32.10.3-2021.10.win32_1.0.0.202111181127/tools/bin/../lib/gcc/arm-none-eabi/10.3.1/../../../../arm-none-eabi/lib/thumb/v6-m/nofp\libm.a
LOAD c:/st/stm32cubeide_1.10.0/stm32cubeide/plugins/com.st.stm32cube.ide.mcu.externaltools.gnu-tools-for-stm32.10.3-2021.10.win32_1.0.0.202111181127/tools/bin/../lib/gcc/arm-none-eabi/10.3.1/thumb/v6-m/nofp\libgcc.a

.debug_info     0x0000000000000000     0x749f
 .debug_info    0x0000000000000000      0xa9a ./Core/Src/NRF24L01.o
 .debug_info    0x0000000000000a9a     0x1065 ./Core/Src/main.o
 .debug_info    0x0000000000001aff      0xbca ./Core/Src/stm32f0xx_hal_msp.o
 .debug_info    0x00000000000026c9      0x353 ./Core/Src/stm32f0xx_it.o
 .debug_info    0x0000000000002a1c      0x269 ./Core/Src/system_stm32f0xx.o
 .debug_info    0x0000000000002c85       0x22 ./Core/Startup/startup_stm32f070f6px.o
 .debug_info    0x0000000000002ca7      0x6a9 ./Drivers/STM32F0xx_HAL_Driver/Src/stm32f0xx_hal.o
 .debug_info    0x0000000000003350      0xd13 ./Drivers/STM32F0xx_HAL_Driver/Src/stm32f0xx_hal_adc.o
 .debug_info    0x0000000000004063      0x6e7 ./Drivers/STM32F0xx_HAL_Driver/Src/stm32f0xx_hal_cortex.o
 .debug_info    0x000000000000474a      0x752 ./Drivers/STM32F0xx_HAL_Driver/Src/stm32f0xx_hal_dma.o
 .debug_info    0x0000000000004e9c      0x60e ./Drivers/STM32F0xx_HAL_Driver/Src/stm32f0xx_hal_gpio.o
 .debug_info    0x00000000000054aa      0x88c ./Drivers/STM32F0xx_HAL_Driver/Src/stm32f0xx_hal_rcc.o
 .debug_info    0x0000000000005d36     0x1769 ./Drivers/STM32F0xx_HAL_Driver/Src/stm32f0xx_hal_spi.o

.debug_abbrev   0x0000000000000000     0x1872
 .debug_abbrev  0x0000000000000000      0x24f ./Core/Src/NRF24L01.o
 .debug_abbrev  0x000000000000024f      0x2ba ./Core/Src/main.o
 .debug_abbrev  0x0000000000000509      0x1d1 ./Core/Src/stm32f0xx_hal_msp.o
 .debug_abbrev  0x00000000000006da      0x130 ./Core/Src/stm32f0xx_it.o
 .debug_abbrev  0x000000000000080a      0x116 ./Core/Src/system_stm32f0xx.o
 .debug_abbrev  0x0000000000000920       0x12 ./Core/Startup/startup_stm32f070f6px.o
 .debug_abbrev  0x0000000000000932      0x23f ./Drivers/STM32F0xx_HAL_Driver/Src/stm32f0xx_hal.o
 .debug_abbrev  0x0000000000000b71      0x203 ./Drivers/STM32F0xx_HAL_Driver/Src/stm32f0xx_hal_adc.o
 .debug_abbrev  0x0000000000000d74      0x283 ./Drivers/STM32F0xx_HAL_Driver/Src/stm32f0xx_hal_cortex.o
 .debug_abbrev  0x0000000000000ff7      0x1e9 ./Drivers/STM32F0xx_HAL_Driver/Src/stm32f0xx_hal_dma.o
 .debug_abbrev  0x00000000000011e0      0x1bb ./Drivers/STM32F0xx_HAL_Driver/Src/stm32f0xx_hal_gpio.o
 .debug_abbrev  0x000000000000139b      0x283 ./Drivers/STM32F0xx_HAL_Driver/Src/stm32f0xx_hal_rcc.o
 .debug_abbrev  0x000000000000161e      0x254 ./Drivers/STM32F0xx_HAL_Driver/Src/stm32f0xx_hal_spi.o

.debug_aranges  0x0000000000000000      0x780
 .debug_aranges
                0x0000000000000000       0x98 ./Core/Src/NRF24L01.o
 .debug_aranges
                0x0000000000000098       0x50 ./Core/Src/main.o
 .debug_aranges
                0x00000000000000e8       0x40 ./Core/Src/stm32f0xx_hal_msp.o
 .debug_aranges
                0x0000000000000128       0x48 ./Core/Src/stm32f0xx_it.o
 .debug_aranges
                0x0000000000000170       0x28 ./Core/Src/system_stm32f0xx.o
 .debug_aranges
                0x0000000000000198       0x28 ./Core/Startup/startup_stm32f070f6px.o
 .debug_aranges
                0x00000000000001c0       0xd0 ./Drivers/STM32F0xx_HAL_Driver/Src/stm32f0xx_hal.o
 .debug_aranges
                0x0000000000000290       0xf8 ./Drivers/STM32F0xx_HAL_Driver/Src/stm32f0xx_hal_adc.o
 .debug_aranges
                0x0000000000000388       0xc0 ./Drivers/STM32F0xx_HAL_Driver/Src/stm32f0xx_hal_cortex.o
 .debug_aranges
                0x0000000000000448       0x88 ./Drivers/STM32F0xx_HAL_Driver/Src/stm32f0xx_hal_dma.o
 .debug_aranges
                0x00000000000004d0       0x58 ./Drivers/STM32F0xx_HAL_Driver/Src/stm32f0xx_hal_gpio.o
 .debug_aranges
                0x0000000000000528       0x80 ./Drivers/STM32F0xx_HAL_Driver/Src/stm32f0xx_hal_rcc.o
 .debug_aranges
                0x00000000000005a8      0x1d8 ./Drivers/STM32F0xx_HAL_Driver/Src/stm32f0xx_hal_spi.o

.debug_ranges   0x0000000000000000      0x6b8
 .debug_ranges  0x0000000000000000       0x88 ./Core/Src/NRF24L01.o
 .debug_ranges  0x0000000000000088       0x40 ./Core/Src/main.o
 .debug_ranges  0x00000000000000c8       0x30 ./Core/Src/stm32f0xx_hal_msp.o
 .debug_ranges  0x00000000000000f8       0x38 ./Core/Src/stm32f0xx_it.o
 .debug_ranges  0x0000000000000130       0x18 ./Core/Src/system_stm32f0xx.o
 .debug_ranges  0x0000000000000148       0x20 ./Core/Startup/startup_stm32f070f6px.o
 .debug_ranges  0x0000000000000168       0xc0 ./Drivers/STM32F0xx_HAL_Driver/Src/stm32f0xx_hal.o
 .debug_ranges  0x0000000000000228       0xe8 ./Drivers/STM32F0xx_HAL_Driver/Src/stm32f0xx_hal_adc.o
 .debug_ranges  0x0000000000000310       0xb0 ./Drivers/STM32F0xx_HAL_Driver/Src/stm32f0xx_hal_cortex.o
 .debug_ranges  0x00000000000003c0       0x78 ./Drivers/STM32F0xx_HAL_Driver/Src/stm32f0xx_hal_dma.o
 .debug_ranges  0x0000000000000438       0x48 ./Drivers/STM32F0xx_HAL_Driver/Src/stm32f0xx_hal_gpio.o
 .debug_ranges  0x0000000000000480       0x70 ./Drivers/STM32F0xx_HAL_Driver/Src/stm32f0xx_hal_rcc.o
 .debug_ranges  0x00000000000004f0      0x1c8 ./Drivers/STM32F0xx_HAL_Driver/Src/stm32f0xx_hal_spi.o

.debug_macro    0x0000000000000000     0xf492
 .debug_macro   0x0000000000000000      0x1ea ./Core/Src/NRF24L01.o
 .debug_macro   0x00000000000001ea      0xa4e ./Core/Src/NRF24L01.o
 .debug_macro   0x0000000000000c38      0x133 ./Core/Src/NRF24L01.o
 .debug_macro   0x0000000000000d6b       0x2e ./Core/Src/NRF24L01.o
 .debug_macro   0x0000000000000d99       0x22 ./Core/Src/NRF24L01.o
 .debug_macro   0x0000000000000dbb       0x22 ./Core/Src/NRF24L01.o
 .debug_macro   0x0000000000000ddd       0x8e ./Core/Src/NRF24L01.o
 .debug_macro   0x0000000000000e6b       0x51 ./Core/Src/NRF24L01.o
 .debug_macro   0x0000000000000ebc      0x103 ./Core/Src/NRF24L01.o
 .debug_macro   0x0000000000000fbf       0x6a ./Core/Src/NRF24L01.o
 .debug_macro   0x0000000000001029      0x1df ./Core/Src/NRF24L01.o
 .debug_macro   0x0000000000001208       0x1c ./Core/Src/NRF24L01.o
 .debug_macro   0x0000000000001224       0x22 ./Core/Src/NRF24L01.o
 .debug_macro   0x0000000000001246       0xaf ./Core/Src/NRF24L01.o
 .debug_macro   0x00000000000012f5      0x391 ./Core/Src/NRF24L01.o
 .debug_macro   0x0000000000001686     0x72a4 ./Core/Src/NRF24L01.o
 .debug_macro   0x000000000000892a       0x66 ./Core/Src/NRF24L01.o
 .debug_macro   0x0000000000008990     0x34da ./Core/Src/NRF24L01.o
 .debug_macro   0x000000000000be6a      0x174 ./Core/Src/NRF24L01.o
 .debug_macro   0x000000000000bfde       0x55 ./Core/Src/NRF24L01.o
 .debug_macro   0x000000000000c033      0x924 ./Core/Src/NRF24L01.o
 .debug_macro   0x000000000000c957      0x19b ./Core/Src/NRF24L01.o
 .debug_macro   0x000000000000caf2      0x1ae ./Core/Src/NRF24L01.o
 .debug_macro   0x000000000000cca0       0xea ./Core/Src/NRF24L01.o
 .debug_macro   0x000000000000cd8a      0x1a0 ./Core/Src/NRF24L01.o
 .debug_macro   0x000000000000cf2a      0x1ed ./Core/Src/NRF24L01.o
 .debug_macro   0x000000000000d117       0x34 ./Core/Src/NRF24L01.o
 .debug_macro   0x000000000000d14b       0x43 ./Core/Src/NRF24L01.o
 .debug_macro   0x000000000000d18e       0x28 ./Core/Src/NRF24L01.o
 .debug_macro   0x000000000000d1b6      0x33d ./Core/Src/NRF24L01.o
 .debug_macro   0x000000000000d4f3       0xbc ./Core/Src/NRF24L01.o
 .debug_macro   0x000000000000d5af       0xb0 ./Core/Src/NRF24L01.o
 .debug_macro   0x000000000000d65f      0x15a ./Core/Src/NRF24L01.o
 .debug_macro   0x000000000000d7b9      0x22c ./Core/Src/NRF24L01.o
 .debug_macro   0x000000000000d9e5       0x61 ./Core/Src/NRF24L01.o
 .debug_macro   0x000000000000da46       0xa5 ./Core/Src/NRF24L01.o
 .debug_macro   0x000000000000daeb       0x4c ./Core/Src/NRF24L01.o
 .debug_macro   0x000000000000db37       0x32 ./Core/Src/NRF24L01.o
 .debug_macro   0x000000000000db69      0x2fe ./Core/Src/NRF24L01.o
 .debug_macro   0x000000000000de67      0x10b ./Core/Src/NRF24L01.o
 .debug_macro   0x000000000000df72       0xee ./Core/Src/NRF24L01.o
 .debug_macro   0x000000000000e060      0x1db ./Core/Src/main.o
 .debug_macro   0x000000000000e23b       0x28 ./Core/Src/main.o
 .debug_macro   0x000000000000e263      0x1d2 ./Core/Src/stm32f0xx_hal_msp.o
 .debug_macro   0x000000000000e435      0x1dc ./Core/Src/stm32f0xx_it.o
 .debug_macro   0x000000000000e611      0x1c3 ./Core/Src/system_stm32f0xx.o
 .debug_macro   0x000000000000e7d4      0x1e7 ./Drivers/STM32F0xx_HAL_Driver/Src/stm32f0xx_hal.o
 .debug_macro   0x000000000000e9bb      0x1e7 ./Drivers/STM32F0xx_HAL_Driver/Src/stm32f0xx_hal_adc.o
 .debug_macro   0x000000000000eba2      0x1c3 ./Drivers/STM32F0xx_HAL_Driver/Src/stm32f0xx_hal_cortex.o
 .debug_macro   0x000000000000ed65      0x1c3 ./Drivers/STM32F0xx_HAL_Driver/Src/stm32f0xx_hal_dma.o
 .debug_macro   0x000000000000ef28      0x1ca ./Drivers/STM32F0xx_HAL_Driver/Src/stm32f0xx_hal_gpio.o
 .debug_macro   0x000000000000f0f2      0x1d5 ./Drivers/STM32F0xx_HAL_Driver/Src/stm32f0xx_hal_rcc.o
 .debug_macro   0x000000000000f2c7      0x1cb ./Drivers/STM32F0xx_HAL_Driver/Src/stm32f0xx_hal_spi.o

.debug_line     0x0000000000000000     0x90c0
 .debug_line    0x0000000000000000      0x92c ./Core/Src/NRF24L01.o
 .debug_line    0x000000000000092c      0x8ee ./Core/Src/main.o
 .debug_line    0x000000000000121a      0x78d ./Core/Src/stm32f0xx_hal_msp.o
 .debug_line    0x00000000000019a7      0x752 ./Core/Src/stm32f0xx_it.o
 .debug_line    0x00000000000020f9      0x74a ./Core/Src/system_stm32f0xx.o
 .debug_line    0x0000000000002843       0x9b ./Core/Startup/startup_stm32f070f6px.o
 .debug_line    0x00000000000028de      0x950 ./Drivers/STM32F0xx_HAL_Driver/Src/stm32f0xx_hal.o
 .debug_line    0x000000000000322e     0x1177 ./Drivers/STM32F0xx_HAL_Driver/Src/stm32f0xx_hal_adc.o
 .debug_line    0x00000000000043a5      0x9fc ./Drivers/STM32F0xx_HAL_Driver/Src/stm32f0xx_hal_cortex.o
 .debug_line    0x0000000000004da1      0xc74 ./Drivers/STM32F0xx_HAL_Driver/Src/stm32f0xx_hal_dma.o
 .debug_line    0x0000000000005a15      0xacb ./Drivers/STM32F0xx_HAL_Driver/Src/stm32f0xx_hal_gpio.o
 .debug_line    0x00000000000064e0      0xd3d ./Drivers/STM32F0xx_HAL_Driver/Src/stm32f0xx_hal_rcc.o
 .debug_line    0x000000000000721d     0x1ea3 ./Drivers/STM32F0xx_HAL_Driver/Src/stm32f0xx_hal_spi.o

.debug_str      0x0000000000000000    0x5ae8f
 .debug_str     0x0000000000000000    0x5937b ./Core/Src/NRF24L01.o
                                      0x5965b (size before relaxing)
 .debug_str     0x000000000005937b      0x638 ./Core/Src/main.o
                                      0x59b63 (size before relaxing)
 .debug_str     0x00000000000599b3       0xa1 ./Core/Src/stm32f0xx_hal_msp.o
                                      0x5953c (size before relaxing)
 .debug_str     0x0000000000059a54       0x95 ./Core/Src/stm32f0xx_it.o
                                      0x5908d (size before relaxing)
 .debug_str     0x0000000000059ae9       0x8b ./Core/Src/system_stm32f0xx.o
                                      0x58e71 (size before relaxing)
 .debug_str     0x0000000000059b74       0x36 ./Core/Startup/startup_stm32f070f6px.o
                                         0x85 (size before relaxing)
 .debug_str     0x0000000000059baa      0x370 ./Drivers/STM32F0xx_HAL_Driver/Src/stm32f0xx_hal.o
                                      0x593e5 (size before relaxing)
 .debug_str     0x0000000000059f1a      0x37e ./Drivers/STM32F0xx_HAL_Driver/Src/stm32f0xx_hal_adc.o
                                      0x5957e (size before relaxing)
 .debug_str     0x000000000005a298      0x197 ./Drivers/STM32F0xx_HAL_Driver/Src/stm32f0xx_hal_cortex.o
                                      0x591d6 (size before relaxing)
 .debug_str     0x000000000005a42f      0x1ff ./Drivers/STM32F0xx_HAL_Driver/Src/stm32f0xx_hal_dma.o
                                      0x59217 (size before relaxing)
 .debug_str     0x000000000005a62e       0xfa ./Drivers/STM32F0xx_HAL_Driver/Src/stm32f0xx_hal_gpio.o
                                      0x59012 (size before relaxing)
 .debug_str     0x000000000005a728      0x21a ./Drivers/STM32F0xx_HAL_Driver/Src/stm32f0xx_hal_rcc.o
                                      0x592ad (size before relaxing)
 .debug_str     0x000000000005a942      0x54d ./Drivers/STM32F0xx_HAL_Driver/Src/stm32f0xx_hal_spi.o
                                      0x597db (size before relaxing)

.comment        0x0000000000000000       0x50
 .comment       0x0000000000000000       0x50 ./Core/Src/NRF24L01.o
                                         0x51 (size before relaxing)
 .comment       0x0000000000000050       0x51 ./Core/Src/main.o
 .comment       0x0000000000000050       0x51 ./Core/Src/stm32f0xx_hal_msp.o
 .comment       0x0000000000000050       0x51 ./Core/Src/stm32f0xx_it.o
 .comment       0x0000000000000050       0x51 ./Core/Src/system_stm32f0xx.o
 .comment       0x0000000000000050       0x51 ./Drivers/STM32F0xx_HAL_Driver/Src/stm32f0xx_hal.o
 .comment       0x0000000000000050       0x51 ./Drivers/STM32F0xx_HAL_Driver/Src/stm32f0xx_hal_adc.o
 .comment       0x0000000000000050       0x51 ./Drivers/STM32F0xx_HAL_Driver/Src/stm32f0xx_hal_cortex.o
 .comment       0x0000000000000050       0x51 ./Drivers/STM32F0xx_HAL_Driver/Src/stm32f0xx_hal_dma.o
 .comment       0x0000000000000050       0x51 ./Drivers/STM32F0xx_HAL_Driver/Src/stm32f0xx_hal_gpio.o
 .comment       0x0000000000000050       0x51 ./Drivers/STM32F0xx_HAL_Driver/Src/stm32f0xx_hal_rcc.o
 .comment       0x0000000000000050       0x51 ./Drivers/STM32F0xx_HAL_Driver/Src/stm32f0xx_hal_spi.o

.debug_frame    0x0000000000000000     0x197c
 .debug_frame   0x0000000000000000      0x20c ./Core/Src/NRF24L01.o
 .debug_frame   0x000000000000020c       0xe4 ./Core/Src/main.o
 .debug_frame   0x00000000000002f0       0xb0 ./Core/Src/stm32f0xx_hal_msp.o
 .debug_frame   0x00000000000003a0       0xb8 ./Core/Src/stm32f0xx_it.o
 .debug_frame   0x0000000000000458       0x4c ./Core/Src/system_stm32f0xx.o
 .debug_frame   0x00000000000004a4      0x2a4 ./Drivers/STM32F0xx_HAL_Driver/Src/stm32f0xx_hal.o
 .debug_frame   0x0000000000000748      0x3a0 ./Drivers/STM32F0xx_HAL_Driver/Src/stm32f0xx_hal_adc.o
 .debug_frame   0x0000000000000ae8      0x2a0 ./Drivers/STM32F0xx_HAL_Driver/Src/stm32f0xx_hal_cortex.o
 .debug_frame   0x0000000000000d88      0x1d0 ./Drivers/STM32F0xx_HAL_Driver/Src/stm32f0xx_hal_dma.o
 .debug_frame   0x0000000000000f58      0x110 ./Drivers/STM32F0xx_HAL_Driver/Src/stm32f0xx_hal_gpio.o
 .debug_frame   0x0000000000001068      0x198 ./Drivers/STM32F0xx_HAL_Driver/Src/stm32f0xx_hal_rcc.o
 .debug_frame   0x0000000000001200      0x710 ./Drivers/STM32F0xx_HAL_Driver/Src/stm32f0xx_hal_spi.o
 .debug_frame   0x0000000000001910       0x2c c:/st/stm32cubeide_1.10.0/stm32cubeide/plugins/com.st.stm32cube.ide.mcu.externaltools.gnu-tools-for-stm32.10.3-2021.10.win32_1.0.0.202111181127/tools/bin/../lib/gcc/arm-none-eabi/10.3.1/../../../../arm-none-eabi/lib/thumb/v6-m/nofp\libc_nano.a(lib_a-init.o)
 .debug_frame   0x000000000000193c       0x20 c:/st/stm32cubeide_1.10.0/stm32cubeide/plugins/com.st.stm32cube.ide.mcu.externaltools.gnu-tools-for-stm32.10.3-2021.10.win32_1.0.0.202111181127/tools/bin/../lib/gcc/arm-none-eabi/10.3.1/../../../../arm-none-eabi/lib/thumb/v6-m/nofp\libc_nano.a(lib_a-memset.o)
 .debug_frame   0x000000000000195c       0x20 c:/st/stm32cubeide_1.10.0/stm32cubeide/plugins/com.st.stm32cube.ide.mcu.externaltools.gnu-tools-for-stm32.10.3-2021.10.win32_1.0.0.202111181127/tools/bin/../lib/gcc/arm-none-eabi/10.3.1/thumb/v6-m/nofp\libgcc.a(_udivsi3.o)
