../Core/Src/NRF24L01.c:20:6:CS_Select	8	static
../Core/Src/NRF24L01.c:25:6:CS_UnSelect	8	static
../Core/Src/NRF24L01.c:31:6:CE_Enable	8	static
../Core/Src/NRF24L01.c:36:6:CE_Disable	8	static
../Core/Src/NRF24L01.c:44:6:nrf24_WriteReg	32	static
../Core/Src/NRF24L01.c:60:6:nrf24_WriteRegMulti	40	static
../Core/Src/NRF24L01.c:77:9:nrf24_ReadReg	32	static
../Core/Src/NRF24L01.c:95:6:nrf24_ReadReg_Multi	32	static
../Core/Src/NRF24L01.c:109:6:nrfsendCmd	16	static
../Core/Src/NRF24L01.c:120:6:nrf24_reset	40	static
../Core/Src/NRF24L01.c:168:6:NRF24_Init	8	static
../Core/Src/NRF24L01.c:199:6:NRF24_TxMode	32	static
../Core/Src/NRF24L01.c:222:9:NRF24_Transmit	40	static
../Core/Src/NRF24L01.c:259:6:NRF24_RxMode	32	static
../Core/Src/NRF24L01.c:286:9:isDataAvailable	32	static
../Core/Src/NRF24L01.c:302:6:NRF24_Receive	32	static
